Component: ARM Compiler 5.06 update 7 (build 960) Tool: armlink [4d3601]

==============================================================================

Section Cross References

    startup_stm32h743xx.o(STACK) refers (Special) to heapauxi.o(.text) for __use_two_region_memory
    startup_stm32h743xx.o(HEAP) refers (Special) to heapauxi.o(.text) for __use_two_region_memory
    startup_stm32h743xx.o(RESET) refers (Special) to heapauxi.o(.text) for __use_two_region_memory
    startup_stm32h743xx.o(RESET) refers to startup_stm32h743xx.o(STACK) for __initial_sp
    startup_stm32h743xx.o(RESET) refers to startup_stm32h743xx.o(.text) for Reset_Handler
    startup_stm32h743xx.o(RESET) refers to stm32h7xx_it.o(i.NMI_Handler) for NMI_Handler
    startup_stm32h743xx.o(RESET) refers to stm32h7xx_it.o(i.HardFault_Handler) for HardFault_Handler
    startup_stm32h743xx.o(RESET) refers to stm32h7xx_it.o(i.MemManage_Handler) for MemManage_Handler
    startup_stm32h743xx.o(RESET) refers to stm32h7xx_it.o(i.BusFault_Handler) for BusFault_Handler
    startup_stm32h743xx.o(RESET) refers to stm32h7xx_it.o(i.UsageFault_Handler) for UsageFault_Handler
    startup_stm32h743xx.o(RESET) refers to port.o(.emb_text) for SVC_Handler
    startup_stm32h743xx.o(RESET) refers to stm32h7xx_it.o(i.DebugMon_Handler) for DebugMon_Handler
    startup_stm32h743xx.o(RESET) refers to cmsis_os2.o(i.SysTick_Handler) for SysTick_Handler
    startup_stm32h743xx.o(RESET) refers to stm32h7xx_it.o(i.DMA1_Stream0_IRQHandler) for DMA1_Stream0_IRQHandler
    startup_stm32h743xx.o(RESET) refers to stm32h7xx_it.o(i.DMA1_Stream1_IRQHandler) for DMA1_Stream1_IRQHandler
    startup_stm32h743xx.o(RESET) refers to stm32h7xx_it.o(i.DMA1_Stream2_IRQHandler) for DMA1_Stream2_IRQHandler
    startup_stm32h743xx.o(RESET) refers to stm32h7xx_it.o(i.FDCAN1_IT0_IRQHandler) for FDCAN1_IT0_IRQHandler
    startup_stm32h743xx.o(RESET) refers to stm32h7xx_it.o(i.FDCAN2_IT1_IRQHandler) for FDCAN2_IT1_IRQHandler
    startup_stm32h743xx.o(RESET) refers to stm32h7xx_it.o(i.TIM1_UP_IRQHandler) for TIM1_UP_IRQHandler
    startup_stm32h743xx.o(RESET) refers to stm32h7xx_it.o(i.USART2_IRQHandler) for USART2_IRQHandler
    startup_stm32h743xx.o(RESET) refers to stm32h7xx_it.o(i.FDCAN_CAL_IRQHandler) for FDCAN_CAL_IRQHandler
    startup_stm32h743xx.o(RESET) refers to stm32h7xx_it.o(i.UART7_IRQHandler) for UART7_IRQHandler
    startup_stm32h743xx.o(.text) refers (Special) to heapauxi.o(.text) for __use_two_region_memory
    startup_stm32h743xx.o(.text) refers to system_stm32h7xx.o(i.ExitRun0Mode) for ExitRun0Mode
    startup_stm32h743xx.o(.text) refers to system_stm32h7xx.o(i.SystemInit) for SystemInit
    startup_stm32h743xx.o(.text) refers to __main.o(!!!main) for __main
    startup_stm32h743xx.o(.text) refers to startup_stm32h743xx.o(HEAP) for Heap_Mem
    startup_stm32h743xx.o(.text) refers to startup_stm32h743xx.o(STACK) for Stack_Mem
    main.o(i.HAL_TIM_PeriodElapsedCallback) refers to stm32h7xx_hal.o(i.HAL_IncTick) for HAL_IncTick
    main.o(i.SystemClock_Config) refers to rt_memclr_w.o(.text) for __aeabi_memclr4
    main.o(i.SystemClock_Config) refers to stm32h7xx_hal_pwr_ex.o(i.HAL_PWREx_ConfigSupply) for HAL_PWREx_ConfigSupply
    main.o(i.SystemClock_Config) refers to stm32h7xx_hal_rcc.o(i.HAL_RCC_OscConfig) for HAL_RCC_OscConfig
    main.o(i.SystemClock_Config) refers to stm32h7xx_hal_rcc.o(i.HAL_RCC_ClockConfig) for HAL_RCC_ClockConfig
    main.o(i.main) refers to stm32h7xx_hal.o(i.HAL_Init) for HAL_Init
    main.o(i.main) refers to main.o(i.SystemClock_Config) for SystemClock_Config
    main.o(i.main) refers to gpio.o(i.MX_GPIO_Init) for MX_GPIO_Init
    main.o(i.main) refers to dma.o(i.MX_DMA_Init) for MX_DMA_Init
    main.o(i.main) refers to fdcan.o(i.MX_FDCAN1_Init) for MX_FDCAN1_Init
    main.o(i.main) refers to usart.o(i.MX_USART2_UART_Init) for MX_USART2_UART_Init
    main.o(i.main) refers to fdcan.o(i.MX_FDCAN2_Init) for MX_FDCAN2_Init
    main.o(i.main) refers to usart.o(i.MX_UART7_Init) for MX_UART7_Init
    main.o(i.main) refers to cmsis_os2.o(i.osKernelInitialize) for osKernelInitialize
    main.o(i.main) refers to freertos.o(i.MX_FREERTOS_Init) for MX_FREERTOS_Init
    main.o(i.main) refers to cmsis_os2.o(i.osKernelStart) for osKernelStart
    freertos.o(i.MX_FREERTOS_Init) refers to cmsis_os2.o(i.osThreadNew) for osThreadNew
    freertos.o(i.MX_FREERTOS_Init) refers to freertos.o(.constdata) for .constdata
    freertos.o(i.MX_FREERTOS_Init) refers to freertos.o(i.StartDefaultTask) for StartDefaultTask
    freertos.o(i.MX_FREERTOS_Init) refers to freertos.o(.data) for .data
    freertos.o(i.StartDefaultTask) refers to task_init.o(i.Task_Init) for Task_Init
    freertos.o(i.StartDefaultTask) refers to cmsis_os2.o(i.osDelay) for osDelay
    freertos.o(.constdata) refers to freertos.o(.conststring) for .conststring
    dma.o(i.MX_DMA_Init) refers to stm32h7xx_hal_cortex.o(i.HAL_NVIC_SetPriority) for HAL_NVIC_SetPriority
[...]

    Global Symbols

    Symbol Name                              Value     Ov Type        Size  Object(Section)

    BuildAttributes$$THM_ISAv4$E$P$D$K$B$S$7EM$VFPv5_D16$PE$PLD8$A:L22UL41UL21$X:L11$S22US41US21$IEEE1$IW$USESV6$~STKCKD$USESV7$~SHL$OTIME$ROPI$EBA8$UX$STANDARDLIB$REQ8$PRES8$EABIv2 0x00000000   Number         0  anon$$obj.o ABSOLUTE
    __ARM_use_no_argv                        0x00000000   Number         0  main.o ABSOLUTE
    __ARM_exceptions_init                     - Undefined Weak Reference
    __alloca_initialize                       - Undefined Weak Reference
    __arm_fini_                               - Undefined Weak Reference
    __arm_preinit_                            - Undefined Weak Reference
    __cpp_initialize__aeabi_                  - Undefined Weak Reference
    __cxa_finalize                            - Undefined Weak Reference
    __rt_locale                               - Undefined Weak Reference
    __sigvec_lookup                           - Undefined Weak Reference
    __user_heap_extent                        - Undefined Weak Reference
    _atexit_init                              - Undefined Weak Reference
    _call_atexit_fns                          - Undefined Weak Reference
    _clock_init                               - Undefined Weak Reference
    _fp_trap_init                             - Undefined Weak Reference
    _fp_trap_shutdown                         - Undefined Weak Reference
    _get_lc_collate                           - Undefined Weak Reference
    _get_lc_ctype                             - Undefined Weak Reference
    _get_lc_monetary                          - Undefined Weak Reference
    _get_lc_numeric                           - Undefined Weak Reference
    _get_lc_time                              - Undefined Weak Reference
    _getenv_init                              - Undefined Weak Reference
    _handle_redirection                       - Undefined Weak Reference
    _initio                                   - Undefined Weak Reference
    _mutex_acquire                            - Undefined Weak Reference
    _mutex_free                               - Undefined Weak Reference
    _mutex_release                            - Undefined Weak Reference
    _rand_init                                - Undefined Weak Reference
    _signal_finish                            - Undefined Weak Reference
    _signal_init                              - Undefined Weak Reference
    _terminateio                              - Undefined Weak Reference
    __Vectors_Size                           0x00000298   Number         0  startup_stm32h743xx.o ABSOLUTE
    __Vectors                                0x08000000   Data           4  startup_stm32h743xx.o(RESET)
    __Vectors_End                            0x08000298   Data           0  startup_stm32h743xx.o(RESET)
    __main                                   0x08000299   Thumb Code     8  __main.o(!!!main)
    __scatterload                            0x080002a1   Thumb Code     0  __scatter.o(!!!scatter)
    __scatterload_rt2                        0x080002a1   Thumb Code    44  __scatter.o(!!!scatter)
    __scatterload_rt2_thumb_only             0x080002a1   Thumb Code     0  __scatter.o(!!!scatter)
    __scatterload_null                       0x080002af   Thumb Code     0  __scatter.o(!!!scatter)
    __scatterload_copy                       0x080002d5   Thumb Code    26  __scatter_copy.o(!!handler_copy)
    __scatterload_zeroinit                   0x080002f1   Thumb Code    28  __scatter_zi.o(!!handler_zi)
    __rt_lib_init                            0x0800030d   Thumb Code     0  libinit.o(.ARM.Collect$$libinit$$00000000)
    __rt_lib_init_fp_1                       0x0800030f   Thumb Code     0  libinit2.o(.ARM.Collect$$libinit$$00000001)
    __rt_lib_init_alloca_1                   0x08000313   Thumb Code     0  libinit2.o(.ARM.Collect$$libinit$$0000002E)
    __rt_lib_init_argv_1                     0x08000313   Thumb Code     0  libinit2.o(.ARM.Collect$$libinit$$0000002C)
    __rt_lib_init_atexit_1                   0x08000313   Thumb Code     0  libinit2.o(.ARM.Collect$$libinit$$0000001B)
    __rt_lib_init_clock_1                    0x08000313   Thumb Code     0  libinit2.o(.ARM.Collect$$libinit$$00000021)
    __rt_lib_init_cpp_1                      0x08000313   Thumb Code     0  libinit2.o(.ARM.Collect$$libinit$$00000032)
    __rt_lib_init_exceptions_1               0x08000313   Thumb Code     0  libinit2.o(.ARM.Collect$$libinit$$00000030)
    __rt_lib_init_fp_trap_1                  0x08000313   Thumb Code     0  libinit2.o(.ARM.Collect$$libinit$$0000001F)
    __rt_lib_init_getenv_1                   0x08000313   Thumb Code     0  libinit2.o(.ARM.Collect$$libinit$$00000023)
    __rt_lib_init_heap_1                     0x08000313   Thumb Code     0  libinit2.o(.ARM.Collect$$libinit$$0000000A)
    __rt_lib_init_lc_collate_1               0x08000313   Thumb Code     0  libinit2.o(.ARM.Collect$$libinit$$00000011)
    __rt_lib_init_lc_ctype_1                 0x08000313   Thumb Code     0  libinit2.o(.ARM.Collect$$libinit$$00000013)
    __rt_lib_init_lc_monetary_1              0x08000313   Thumb Code     0  libinit2.o(.ARM.Collect$$libinit$$00000015)
    __rt_lib_init_lc_numeric_1               0x08000313   Thumb Code     0  libinit2.o(.ARM.Collect$$libinit$$00000017)
    __rt_lib_init_lc_time_1                  0x08000313   Thumb Code     0  libinit2.o(.ARM.Collect$$libinit$$00000019)
    __rt_lib_init_preinit_1                  0x08000313   Thumb Code     0  libinit2.o(.ARM.Collect$$libinit$$00000004)
    __rt_lib_init_rand_1                     0x08000313   Thumb Code     0  libinit2.o(.ARM.Collect$$libinit$$0000000E)
    __rt_lib_init_return                     0x08000313   Thumb Code     0  libinit2.o(.ARM.Collect$$libinit$$00000033)
    __rt_lib_init_signal_1                   0x08000313   Thumb Code     0  libinit2.o(.ARM.Collect$$libinit$$0000001D)
    __rt_lib_init_stdio_1                    0x08000313   Thumb Code     0  libinit2.o(.ARM.Collect$$libinit$$00000025)
    __rt_lib_init_user_alloc_1               0x08000313   Thumb Code     0  libinit2.o(.ARM.Collect$$libinit$$0000000C)
    __rt_lib_shutdown                        0x08000315   Thumb Code     0  libshutdown.o(.ARM.Collect$$libshutdown$$00000000)
    __rt_lib_shutdown_cpp_1                  0x08000317   Thumb Code     0  libshutdown2.o(.ARM.Collect$$libshutdown$$00000004)
    __rt_lib_shutdown_fini_1                 0x08000317   Thumb Code     0  libshutdown2.o(.ARM.Collect$$libshutdown$$00000002)
    __rt_lib_shutdown_fp_trap_1              0x08000317   Thumb Code     0  libshutdown2.o(.ARM.Collect$$libshutdown$$00000009)
    __rt_lib_shutdown_heap_1                 0x08000317   Thumb Code     0  libshutdown2.o(.ARM.Collect$$libshutdown$$00000011)
    __rt_lib_shutdown_return                 0x08000317   Thumb Code     0  libshutdown2.o(.ARM.Collect$$libshutdown$$00000012)
    __rt_lib_shutdown_signal_1               0x08000317   Thumb Code     0  libshutdown2.o(.ARM.Collect$$libshutdown$$0000000C)
    __rt_lib_shutdown_stdio_1                0x08000317   Thumb Code     0  libshutdown2.o(.ARM.Collect$$libshutdown$$00000006)
    __rt_lib_shutdown_user_alloc_1           0x08000317   Thumb Code     0  libshutdown2.o(.ARM.Collect$$libshutdown$$0000000E)
    __rt_entry                               0x08000319   Thumb Code     0  __rtentry.o(.ARM.Collect$$rtentry$$00000000)
    __rt_entry_presh_1                       0x08000319   Thumb Code     0  __rtentry2.o(.ARM.Collect$$rtentry$$00000002)
    __rt_entry_sh                            0x08000319   Thumb Code     0  __rtentry4.o(.ARM.Collect$$rtentry$$00000004)
    __rt_entry_li                            0x0800031f   Thumb Code     0  __rtentry2.o(.ARM.Collect$$rtentry$$0000000A)
    __rt_entry_postsh_1                      0x0800031f   Thumb Code     0  __rtentry2.o(.ARM.Collect$$rtentry$$00000009)
    __rt_entry_main                          0x08000323   Thumb Code     0  __rtentry2.o(.ARM.Collect$$rtentry$$0000000D)
    __rt_entry_postli_1                      0x08000323   Thumb Code     0  __rtentry2.o(.ARM.Collect$$rtentry$$0000000C)
    __rt_exit                                0x0800032b   Thumb Code     0  rtexit.o(.ARM.Collect$$rtexit$$00000000)
    __rt_exit_ls                             0x0800032d   Thumb Code     0  rtexit2.o(.ARM.Collect$$rtexit$$00000003)
    __rt_exit_prels_1                        0x0800032d   Thumb Code     0  rtexit2.o(.ARM.Collect$$rtexit$$00000002)
    __rt_exit_exit                           0x08000331   Thumb Code     0  rtexit2.o(.ARM.Collect$$rtexit$$00000004)
    SVC_Handler                              0x08000339   Thumb Code    28  port.o(.emb_text)
    __asm___6_port_c_39a90d8d__prvStartFirstTask 0x08000359   Thumb Code    36  port.o(.emb_text)
    __asm___6_port_c_39a90d8d__prvEnableVFP  0x08000381   Thumb Code    16  port.o(.emb_text)
    PendSV_Handler                           0x08000395   Thumb Code    88  port.o(.emb_text)
    vPortGetIPSR                             0x080003f1   Thumb Code     6  port.o(.emb_text)
    Reset_Handler                            0x080003f9   Thumb Code    12  startup_stm32h743xx.o(.text)
    ADC3_IRQHandler                          0x08000417   Thumb Code     0  startup_stm32h743xx.o(.text)
    ADC_IRQHandler                           0x08000417   Thumb Code     0  startup_stm32h743xx.o(.text)
    BDMA_Channel0_IRQHandler                 0x08000417   Thumb Code     0  startup_stm32h743xx.o(.text)
    BDMA_Channel1_IRQHandler                 0x08000417   Thumb Code     0  startup_stm32h743xx.o(.text)
    BDMA_Channel2_IRQHandler                 0x08000417   Thumb Code     0  startup_stm32h743xx.o(.text)
    BDMA_Channel3_IRQHandler                 0x08000417   Thumb Code     0  startup_stm32h743xx.o(.text)
    BDMA_Channel4_IRQHandler                 0x08000417   Thumb Code     0  startup_stm32h743xx.o(.text)
    BDMA_Channel5_IRQHandler                 0x08000417   Thumb Code     0  startup_stm32h743xx.o(.text)
    BDMA_Channel6_IRQHandler                 0x08000417   Thumb Code     0  startup_stm32h743xx.o(.text)
    BDMA_Channel7_IRQHandler                 0x08000417   Thumb Code     0  startup_stm32h743xx.o(.text)
    CEC_IRQHandler                           0x08000417   Thumb Code     0  startup_stm32h743xx.o(.text)
    COMP1_IRQHandler                         0x08000417   Thumb Code     0  startup_stm32h743xx.o(.text)
    CRS_IRQHandler                           0x08000417   Thumb Code     0  startup_stm32h743xx.o(.text)
    DCMI_IRQHandler                          0x08000417   Thumb Code     0  startup_stm32h743xx.o(.text)
    DFSDM1_FLT0_IRQHandler                   0x08000417   Thumb Code     0  startup_stm32h743xx.o(.text)
    DFSDM1_FLT1_IRQHandler                   0x08000417   Thumb Code     0  startup_stm32h743xx.o(.text)
    DFSDM1_FLT2_IRQHandler                   0x08000417   Thumb Code     0  startup_stm32h743xx.o(.text)
    DFSDM1_FLT3_IRQHandler                   0x08000417   Thumb Code     0  startup_stm32h743xx.o(.text)
    DMA1_Stream3_IRQHandler                  0x08000417   Thumb Code     0  startup_stm32h743xx.o(.text)
    DMA1_Stream4_IRQHandler                  0x08000417   Thumb Code     0  startup_stm32h743xx.o(.text)
    DMA1_Stream5_IRQHandler                  0x08000417   Thumb Code     0  startup_stm32h743xx.o(.text)
    DMA1_Stream6_IRQHandler                  0x08000417   Thumb Code     0  startup_stm32h743xx.o(.text)
    DMA1_Stream7_IRQHandler                  0x08000417   Thumb Code     0  startup_stm32h743xx.o(.text)
    DMA2D_IRQHandler                         0x08000417   Thumb Code     0  startup_stm32h743xx.o(.text)
    DMA2_Stream0_IRQHandler                  0x08000417   Thumb Code     0  startup_stm32h743xx.o(.text)
    DMA2_Stream1_IRQHandler                  0x08000417   Thumb Code     0  startup_stm32h743xx.o(.text)
    DMA2_Stream2_IRQHandler                  0x08000417   Thumb Code     0  startup_stm32h743xx.o(.text)
    DMA2_Stream3_IRQHandler                  0x08000417   Thumb Code     0  startup_stm32h743xx.o(.text)
    DMA2_Stream4_IRQHandler                  0x08000417   Thumb Code     0  startup_stm32h743xx.o(.text)
    DMA2_Stream5_IRQHandler                  0x08000417   Thumb Code     0  startup_stm32h743xx.o(.text)
    DMA2_Stream6_IRQHandler                  0x08000417   Thumb Code     0  startup_stm32h743xx.o(.text)
    DMA2_Stream7_IRQHandler                  0x08000417   Thumb Code     0  startup_stm32h743xx.o(.text)
    DMAMUX1_OVR_IRQHandler                   0x08000417   Thumb Code     0  startup_stm32h743xx.o(.text)
    DMAMUX2_OVR_IRQHandler                   0x08000417   Thumb Code     0  startup_stm32h743xx.o(.text)
    ECC_IRQHandler                           0x08000417   Thumb Code     0  startup_stm32h743xx.o(.text)
    ETH_IRQHandler                           0x08000417   Thumb Code     0  startup_stm32h743xx.o(.text)
    ETH_WKUP_IRQHandler                      0x08000417   Thumb Code     0  startup_stm32h743xx.o(.text)
    EXTI0_IRQHandler                         0x08000417   Thumb Code     0  startup_stm32h743xx.o(.text)
    EXTI15_10_IRQHandler                     0x08000417   Thumb Code     0  startup_stm32h743xx.o(.text)
    EXTI1_IRQHandler                         0x08000417   Thumb Code     0  startup_stm32h743xx.o(.text)
    EXTI2_IRQHandler                         0x08000417   Thumb Code     0  startup_stm32h743xx.o(.text)
    EXTI3_IRQHandler                         0x08000417   Thumb Code     0  startup_stm32h743xx.o(.text)
    EXTI4_IRQHandler                         0x08000417   Thumb Code     0  startup_stm32h743xx.o(.text)
    EXTI9_5_IRQHandler                       0x08000417   Thumb Code     0  startup_stm32h743xx.o(.text)
    FDCAN1_IT1_IRQHandler                    0x08000417   Thumb Code     0  startup_stm32h743xx.o(.text)
    FDCAN2_IT0_IRQHandler                    0x08000417   Thumb Code     0  startup_stm32h743xx.o(.text)
    FLASH_IRQHandler                         0x08000417   Thumb Code     0  startup_stm32h743xx.o(.text)
    FMC_IRQHandler                           0x08000417   Thumb Code     0  startup_stm32h743xx.o(.text)
    FPU_IRQHandler                           0x08000417   Thumb Code     0  startup_stm32h743xx.o(.text)
    HRTIM1_FLT_IRQHandler                    0x08000417   Thumb Code     0  startup_stm32h743xx.o(.text)
    HRTIM1_Master_IRQHandler                 0x08000417   Thumb Code     0  startup_stm32h743xx.o(.text)
    HRTIM1_TIMA_IRQHandler                   0x08000417   Thumb Code     0  startup_stm32h743xx.o(.text)
    HRTIM1_TIMB_IRQHandler                   0x08000417   Thumb Code     0  startup_stm32h743xx.o(.text)
    HRTIM1_TIMC_IRQHandler                   0x08000417   Thumb Code     0  startup_stm32h743xx.o(.text)
    HRTIM1_TIMD_IRQHandler                   0x08000417   Thumb Code     0  startup_stm32h743xx.o(.text)
    HRTIM1_TIME_IRQHandler                   0x08000417   Thumb Code     0  startup_stm32h743xx.o(.text)
    HSEM1_IRQHandler                         0x08000417   Thumb Code     0  startup_stm32h743xx.o(.text)
    I2C1_ER_IRQHandler                       0x08000417   Thumb Code     0  startup_stm32h743xx.o(.text)
    I2C1_EV_IRQHandler                       0x08000417   Thumb Code     0  startup_stm32h743xx.o(.text)
    I2C2_ER_IRQHandler                       0x08000417   Thumb Code     0  startup_stm32h743xx.o(.text)
    I2C2_EV_IRQHandler                       0x08000417   Thumb Code     0  startup_stm32h743xx.o(.text)
    I2C3_ER_IRQHandler                       0x08000417   Thumb Code     0  startup_stm32h743xx.o(.text)
    I2C3_EV_IRQHandler                       0x08000417   Thumb Code     0  startup_stm32h743xx.o(.text)
    I2C4_ER_IRQHandler                       0x08000417   Thumb Code     0  startup_stm32h743xx.o(.text)
    I2C4_EV_IRQHandler                       0x08000417   Thumb Code     0  startup_stm32h743xx.o(.text)
    JPEG_IRQHandler                          0x08000417   Thumb Code     0  startup_stm32h743xx.o(.text)
    LPTIM1_IRQHandler                        0x08000417   Thumb Code     0  startup_stm32h743xx.o(.text)
    LPTIM2_IRQHandler                        0x08000417   Thumb Code     0  startup_stm32h743xx.o(.text)
    LPTIM3_IRQHandler                        0x08000417   Thumb Code     0  startup_stm32h743xx.o(.text)
    LPTIM4_IRQHandler                        0x08000417   Thumb Code     0  startup_stm32h743xx.o(.text)
    LPTIM5_IRQHandler                        0x08000417   Thumb Code     0  startup_stm32h743xx.o(.text)
    LPUART1_IRQHandler                       0x08000417   Thumb Code     0  startup_stm32h743xx.o(.text)
    LTDC_ER_IRQHandler                       0x08000417   Thumb Code     0  startup_stm32h743xx.o(.text)
    LTDC_IRQHandler                          0x08000417   Thumb Code     0  startup_stm32h743xx.o(.text)
    MDIOS_IRQHandler                         0x08000417   Thumb Code     0  startup_stm32h743xx.o(.text)
    MDIOS_WKUP_IRQHandler                    0x08000417   Thumb Code     0  startup_stm32h743xx.o(.text)
    MDMA_IRQHandler                          0x08000417   Thumb Code     0  startup_stm32h743xx.o(.text)
    OTG_FS_EP1_IN_IRQHandler                 0x08000417   Thumb Code     0  startup_stm32h743xx.o(.text)
    OTG_FS_EP1_OUT_IRQHandler                0x08000417   Thumb Code     0  startup_stm32h743xx.o(.text)
    OTG_FS_IRQHandler                        0x08000417   Thumb Code     0  startup_stm32h743xx.o(.text)
    OTG_FS_WKUP_IRQHandler                   0x08000417   Thumb Code     0  startup_stm32h743xx.o(.text)
    OTG_HS_EP1_IN_IRQHandler                 0x08000417   Thumb Code     0  startup_stm32h743xx.o(.text)
    OTG_HS_EP1_OUT_IRQHandler                0x08000417   Thumb Code     0  startup_stm32h743xx.o(.text)
    OTG_HS_IRQHandler                        0x08000417   Thumb Code     0  startup_stm32h743xx.o(.text)
    OTG_HS_WKUP_IRQHandler                   0x08000417   Thumb Code     0  startup_stm32h743xx.o(.text)
    PVD_AVD_IRQHandler                       0x08000417   Thumb Code     0  startup_stm32h743xx.o(.text)
    QUADSPI_IRQHandler                       0x08000417   Thumb Code     0  startup_stm32h743xx.o(.text)
    RCC_IRQHandler                           0x08000417   Thumb Code     0  startup_stm32h743xx.o(.text)
    RNG_IRQHandler                           0x08000417   Thumb Code     0  startup_stm32h743xx.o(.text)
    RTC_Alarm_IRQHandler                     0x08000417   Thumb Code     0  startup_stm32h743xx.o(.text)
    RTC_WKUP_IRQHandler                      0x08000417   Thumb Code     0  startup_stm32h743xx.o(.text)
    SAI1_IRQHandler                          0x08000417   Thumb Code     0  startup_stm32h743xx.o(.text)
    SAI2_IRQHandler                          0x08000417   Thumb Code     0  startup_stm32h743xx.o(.text)
    SAI3_IRQHandler                          0x08000417   Thumb Code     0  startup_stm32h743xx.o(.text)
    SAI4_IRQHandler                          0x08000417   Thumb Code     0  startup_stm32h743xx.o(.text)
    SDMMC1_IRQHandler                        0x08000417   Thumb Code     0  startup_stm32h743xx.o(.text)
    SDMMC2_IRQHandler                        0x08000417   Thumb Code     0  startup_stm32h743xx.o(.text)
    SPDIF_RX_IRQHandler                      0x08000417   Thumb Code     0  startup_stm32h743xx.o(.text)
    SPI1_IRQHandler                          0x08000417   Thumb Code     0  startup_stm32h743xx.o(.text)
    SPI2_IRQHandler                          0x08000417   Thumb Code     0  startup_stm32h743xx.o(.text)
    SPI3_IRQHandler                          0x08000417   Thumb Code     0  startup_stm32h743xx.o(.text)
    SPI4_IRQHandler                          0x08000417   Thumb Code     0  startup_stm32h743xx.o(.text)
    SPI5_IRQHandler                          0x08000417   Thumb Code     0  startup_stm32h743xx.o(.text)
    SPI6_IRQHandler                          0x08000417   Thumb Code     0  startup_stm32h743xx.o(.text)
    SWPMI1_IRQHandler                        0x08000417   Thumb Code     0  startup_stm32h743xx.o(.text)
    TAMP_STAMP_IRQHandler                    0x08000417   Thumb Code     0  startup_stm32h743xx.o(.text)
    TIM15_IRQHandler                         0x08000417   Thumb Code     0  startup_stm32h743xx.o(.text)
    TIM16_IRQHandler                         0x08000417   Thumb Code     0  startup_stm32h743xx.o(.text)
    TIM17_IRQHandler                         0x08000417   Thumb Code     0  startup_stm32h743xx.o(.text)
    TIM1_BRK_IRQHandler                      0x08000417   Thumb Code     0  startup_stm32h743xx.o(.text)
    TIM1_CC_IRQHandler                       0x08000417   Thumb Code     0  startup_stm32h743xx.o(.text)
    TIM1_TRG_COM_IRQHandler                  0x08000417   Thumb Code     0  startup_stm32h743xx.o(.text)
    TIM2_IRQHandler                          0x08000417   Thumb Code     0  startup_stm32h743xx.o(.text)
    TIM3_IRQHandler                          0x08000417   Thumb Code     0  startup_stm32h743xx.o(.text)
    TIM4_IRQHandler                          0x08000417   Thumb Code     0  startup_stm32h743xx.o(.text)
    TIM5_IRQHandler                          0x08000417   Thumb Code     0  startup_stm32h743xx.o(.text)
    TIM6_DAC_IRQHandler                      0x08000417   Thumb Code     0  startup_stm32h743xx.o(.text)
    TIM7_IRQHandler                          0x08000417   Thumb Code     0  startup_stm32h743xx.o(.text)
    TIM8_BRK_TIM12_IRQHandler                0x08000417   Thumb Code     0  startup_stm32h743xx.o(.text)
    TIM8_CC_IRQHandler                       0x08000417   Thumb Code     0  startup_stm32h743xx.o(.text)
    TIM8_TRG_COM_TIM14_IRQHandler            0x08000417   Thumb Code     0  startup_stm32h743xx.o(.text)
    TIM8_UP_TIM13_IRQHandler                 0x08000417   Thumb Code     0  startup_stm32h743xx.o(.text)
    UART4_IRQHandler                         0x08000417   Thumb Code     0  startup_stm32h743xx.o(.text)
    UART5_IRQHandler                         0x08000417   Thumb Code     0  startup_stm32h743xx.o(.text)
    UART8_IRQHandler                         0x08000417   Thumb Code     0  startup_stm32h743xx.o(.text)
    USART1_IRQHandler                        0x08000417   Thumb Code     0  startup_stm32h743xx.o(.text)
    USART3_IRQHandler                        0x08000417   Thumb Code     0  startup_stm32h743xx.o(.text)
    USART6_IRQHandler                        0x08000417   Thumb Code     0  startup_stm32h743xx.o(.text)
    WAKEUP_PIN_IRQHandler                    0x08000417   Thumb Code     0  startup_stm32h743xx.o(.text)
    WWDG_IRQHandler                          0x08000417   Thumb Code     0  startup_stm32h743xx.o(.text)
    __user_initial_stackheap                 0x08000419   Thumb Code     0  startup_stm32h743xx.o(.text)
    __aeabi_uldivmod                         0x08000441   Thumb Code     0  lludivv7m.o(.text)
    _ll_udiv                                 0x08000441   Thumb Code   238  lludivv7m.o(.text)
    __aeabi_memcpy                           0x0800052f   Thumb Code     0  rt_memcpy_v6.o(.text)
    __rt_memcpy                              0x0800052f   Thumb Code   138  rt_memcpy_v6.o(.text)
    _memcpy_lastbytes                        0x08000595   Thumb Code     0  rt_memcpy_v6.o(.text)
    __aeabi_memcpy4                          0x080005b9   Thumb Code     0  rt_memcpy_w.o(.text)
    __aeabi_memcpy8                          0x080005b9   Thumb Code     0  rt_memcpy_w.o(.text)
    __rt_memcpy_w                            0x080005b9   Thumb Code   100  rt_memcpy_w.o(.text)
    _memcpy_lastbytes_aligned                0x08000601   Thumb Code     0  rt_memcpy_w.o(.text)
    __aeabi_memset                           0x0800061d   Thumb Code    16  aeabi_memset.o(.text)
    __aeabi_memclr4                          0x0800062d   Thumb Code     0  rt_memclr_w.o(.text)
    __aeabi_memclr8                          0x0800062d   Thumb Code     0  rt_memclr_w.o(.text)
    __rt_memclr_w                            0x0800062d   Thumb Code    78  rt_memclr_w.o(.text)
    _memset_w                                0x08000631   Thumb Code     0  rt_memclr_w.o(.text)
    __use_two_region_memory                  0x0800067b   Thumb Code     2  heapauxi.o(.text)
    __rt_heap_escrow                         0x0800067d   Thumb Code     2  heapauxi.o(.text)
    __rt_heap_expand                         0x0800067f   Thumb Code     2  heapauxi.o(.text)
    __aeabi_memclr                           0x08000681   Thumb Code     0  rt_memclr.o(.text)
    __rt_memclr                              0x08000681   Thumb Code    68  rt_memclr.o(.text)
    _memset                                  0x08000685   Thumb Code     0  rt_memclr.o(.text)
    __user_libspace                          0x080006c5   Thumb Code     8  libspace.o(.text)
    __user_perproc_libspace                  0x080006c5   Thumb Code     0  libspace.o(.text)
    __user_perthread_libspace                0x080006c5   Thumb Code     0  libspace.o(.text)
    __I$use$semihosting                      0x080006cd   Thumb Code     0  use_no_semi.o(.text)
    __use_no_semihosting_swi                 0x080006cd   Thumb Code     2  use_no_semi.o(.text)
    __semihosting_library_function           0x080006cf   Thumb Code     0  indicate_semi.o(.text)
    __user_setup_stackheap                   0x080006cf   Thumb Code    74  sys_stackheap_outer.o(.text)
    exit                                     0x08000719   Thumb Code    18  exit.o(.text)
    _sys_exit                                0x0800072d   Thumb Code     8  sys_exit.o(.text)
    BusFault_Handler                         0x08000739   Thumb Code     2  stm32h7xx_it.o(i.BusFault_Handler)
    Cubic_GetFullState                       0x0800073d   Thumb Code   196  step.o(i.Cubic_GetFullState)
    Cubic_SetTrajectory                      0x08000809   Thumb Code   136  step.o(i.Cubic_SetTrajectory)
    DMA1_Stream0_IRQHandler                  0x080008a9   Thumb Code     6  stm32h7xx_it.o(i.DMA1_Stream0_IRQHandler)
    DMA1_Stream1_IRQHandler                  0x080008b5   Thumb Code     6  stm32h7xx_it.o(i.DMA1_Stream1_IRQHandler)
    DMA1_Stream2_IRQHandler                  0x080008c1   Thumb Code     6  stm32h7xx_it.o(i.DMA1_Stream2_IRQHandler)
    DebugMon_Handler                         0x08000d15   Thumb Code     2  stm32h7xx_it.o(i.DebugMon_Handler)
    Error_Handler                            0x08000d17   Thumb Code     4  main.o(i.Error_Handler)
    ExitRun0Mode                             0x08000d1d   Thumb Code    22  system_stm32h7xx.o(i.ExitRun0Mode)
    FDCAN1_IT0_IRQHandler                    0x08000d39   Thumb Code     6  stm32h7xx_it.o(i.FDCAN1_IT0_IRQHandler)
    FDCAN2_IT1_IRQHandler                    0x08000d45   Thumb Code     6  stm32h7xx_it.o(i.FDCAN2_IT1_IRQHandler)
    FDCAN_CAL_IRQHandler                     0x08000d51   Thumb Code    18  stm32h7xx_it.o(i.FDCAN_CAL_IRQHandler)
    GoMotorRecv                              0x08000f2d   Thumb Code   204  go_motor.o(i.GoMotorRecv)
    GoMotorSend                              0x08001015   Thumb Code   164  go_motor.o(i.GoMotorSend)
    HAL_DMA_Abort                            0x080010d9   Thumb Code   850  stm32h7xx_hal_dma.o(i.HAL_DMA_Abort)
    HAL_DMA_Abort_IT                         0x08001439   Thumb Code   606  stm32h7xx_hal_dma.o(i.HAL_DMA_Abort_IT)
    HAL_DMA_GetError                         0x080016a5   Thumb Code     4  stm32h7xx_hal_dma.o(i.HAL_DMA_GetError)
    HAL_DMA_IRQHandler                       0x080016a9   Thumb Code  1766  stm32h7xx_hal_dma.o(i.HAL_DMA_IRQHandler)
    HAL_DMA_Init                             0x08001d9d   Thumb Code   920  stm32h7xx_hal_dma.o(i.HAL_DMA_Init)
    HAL_DMA_Start_IT                         0x0800214d   Thumb Code   680  stm32h7xx_hal_dma.o(i.HAL_DMA_Start_IT)
    HAL_FDCAN_ClockCalibrationCallback       0x08002401   Thumb Code     2  stm32h7xx_hal_fdcan.o(i.HAL_FDCAN_ClockCalibrationCallback)
    HAL_FDCAN_ErrorCallback                  0x08002403   Thumb Code     2  stm32h7xx_hal_fdcan.o(i.HAL_FDCAN_ErrorCallback)
    HAL_FDCAN_ErrorStatusCallback            0x08002405   Thumb Code     2  stm32h7xx_hal_fdcan.o(i.HAL_FDCAN_ErrorStatusCallback)
    HAL_FDCAN_HighPriorityMessageCallback    0x08002407   Thumb Code     2  stm32h7xx_hal_fdcan.o(i.HAL_FDCAN_HighPriorityMessageCallback)
    HAL_FDCAN_IRQHandler                     0x08002409   Thumb Code   722  stm32h7xx_hal_fdcan.o(i.HAL_FDCAN_IRQHandler)
    HAL_FDCAN_Init                           0x080026e9   Thumb Code   570  stm32h7xx_hal_fdcan.o(i.HAL_FDCAN_Init)
    HAL_FDCAN_MspInit                        0x0800292d   Thumb Code   282  fdcan.o(i.HAL_FDCAN_MspInit)
    HAL_FDCAN_RxBufferNewMessageCallback     0x08002a61   Thumb Code     2  stm32h7xx_hal_fdcan.o(i.HAL_FDCAN_RxBufferNewMessageCallback)
    HAL_FDCAN_RxFifo0Callback                0x08002a63   Thumb Code     2  stm32h7xx_hal_fdcan.o(i.HAL_FDCAN_RxFifo0Callback)
    HAL_FDCAN_RxFifo1Callback                0x08002a65   Thumb Code     2  stm32h7xx_hal_fdcan.o(i.HAL_FDCAN_RxFifo1Callback)
    HAL_FDCAN_TT_GlobalTimeCallback          0x08002a67   Thumb Code     2  stm32h7xx_hal_fdcan.o(i.HAL_FDCAN_TT_GlobalTimeCallback)
    HAL_FDCAN_TT_ScheduleSyncCallback        0x08002a69   Thumb Code     2  stm32h7xx_hal_fdcan.o(i.HAL_FDCAN_TT_ScheduleSyncCallback)
    HAL_FDCAN_TT_StopWatchCallback           0x08002a6b   Thumb Code     2  stm32h7xx_hal_fdcan.o(i.HAL_FDCAN_TT_StopWatchCallback)
    HAL_FDCAN_TT_TimeMarkCallback            0x08002a6d   Thumb Code     2  stm32h7xx_hal_fdcan.o(i.HAL_FDCAN_TT_TimeMarkCallback)
    HAL_FDCAN_TimeoutOccurredCallback        0x08002a6f   Thumb Code     2  stm32h7xx_hal_fdcan.o(i.HAL_FDCAN_TimeoutOccurredCallback)
    HAL_FDCAN_TimestampWraparoundCallback    0x08002a71   Thumb Code     2  stm32h7xx_hal_fdcan.o(i.HAL_FDCAN_TimestampWraparoundCallback)
    HAL_FDCAN_TxBufferAbortCallback          0x08002a73   Thumb Code     2  stm32h7xx_hal_fdcan.o(i.HAL_FDCAN_TxBufferAbortCallback)
    HAL_FDCAN_TxBufferCompleteCallback       0x08002a75   Thumb Code     2  stm32h7xx_hal_fdcan.o(i.HAL_FDCAN_TxBufferCompleteCallback)
    HAL_FDCAN_TxEventFifoCallback            0x08002a77   Thumb Code     2  stm32h7xx_hal_fdcan.o(i.HAL_FDCAN_TxEventFifoCallback)
    HAL_FDCAN_TxFifoEmptyCallback            0x08002a79   Thumb Code     2  stm32h7xx_hal_fdcan.o(i.HAL_FDCAN_TxFifoEmptyCallback)
    HAL_GPIO_Init                            0x08002a7d   Thumb Code   426  stm32h7xx_hal_gpio.o(i.HAL_GPIO_Init)
    HAL_GPIO_WritePin                        0x08002c59   Thumb Code    10  stm32h7xx_hal_gpio.o(i.HAL_GPIO_WritePin)
    HAL_GetREVID                             0x08002c65   Thumb Code     8  stm32h7xx_hal.o(i.HAL_GetREVID)
    HAL_GetTick                              0x08002c71   Thumb Code     6  stm32h7xx_hal.o(i.HAL_GetTick)
    HAL_IncTick                              0x08002c7d   Thumb Code    12  stm32h7xx_hal.o(i.HAL_IncTick)
    HAL_Init                                 0x08002c8d   Thumb Code    74  stm32h7xx_hal.o(i.HAL_Init)
    HAL_InitTick                             0x08002ce9   Thumb Code   110  stm32h7xx_hal_timebase_tim.o(i.HAL_InitTick)
    HAL_MspInit                              0x08002d6d   Thumb Code    32  stm32h7xx_hal_msp.o(i.HAL_MspInit)
    HAL_NVIC_EnableIRQ                       0x08002d91   Thumb Code    26  stm32h7xx_hal_cortex.o(i.HAL_NVIC_EnableIRQ)
    HAL_NVIC_SetPriority                     0x08002dad   Thumb Code    60  stm32h7xx_hal_cortex.o(i.HAL_NVIC_SetPriority)
    HAL_NVIC_SetPriorityGrouping             0x08002ded   Thumb Code    26  stm32h7xx_hal_cortex.o(i.HAL_NVIC_SetPriorityGrouping)
    HAL_PWREx_ConfigSupply                   0x08002e11   Thumb Code    76  stm32h7xx_hal_pwr_ex.o(i.HAL_PWREx_ConfigSupply)
    HAL_RCCEx_GetD3PCLK1Freq                 0x08002e61   Thumb Code    26  stm32h7xx_hal_rcc_ex.o(i.HAL_RCCEx_GetD3PCLK1Freq)
    HAL_RCCEx_GetPLL2ClockFreq               0x08002e85   Thumb Code   290  stm32h7xx_hal_rcc_ex.o(i.HAL_RCCEx_GetPLL2ClockFreq)
    HAL_RCCEx_GetPLL3ClockFreq               0x08002fc1   Thumb Code   290  stm32h7xx_hal_rcc_ex.o(i.HAL_RCCEx_GetPLL3ClockFreq)
    HAL_RCCEx_PeriphCLKConfig                0x080030fd   Thumb Code  2468  stm32h7xx_hal_rcc_ex.o(i.HAL_RCCEx_PeriphCLKConfig)
    HAL_RCC_ClockConfig                      0x08003aa5   Thumb Code   590  stm32h7xx_hal_rcc.o(i.HAL_RCC_ClockConfig)
    HAL_RCC_GetClockConfig                   0x08003d15   Thumb Code    86  stm32h7xx_hal_rcc.o(i.HAL_RCC_GetClockConfig)
    HAL_RCC_GetHCLKFreq                      0x08003d75   Thumb Code    52  stm32h7xx_hal_rcc.o(i.HAL_RCC_GetHCLKFreq)
    HAL_RCC_GetPCLK1Freq                     0x08003db9   Thumb Code    26  stm32h7xx_hal_rcc.o(i.HAL_RCC_GetPCLK1Freq)
    HAL_RCC_GetPCLK2Freq                     0x08003ddd   Thumb Code    26  stm32h7xx_hal_rcc.o(i.HAL_RCC_GetPCLK2Freq)
    HAL_RCC_GetSysClockFreq                  0x08003e01   Thumb Code   270  stm32h7xx_hal_rcc.o(i.HAL_RCC_GetSysClockFreq)
    HAL_RCC_OscConfig                        0x08003f31   Thumb Code  1390  stm32h7xx_hal_rcc.o(i.HAL_RCC_OscConfig)
    HAL_RS485Ex_Init                         0x080044a1   Thumb Code   136  stm32h7xx_hal_uart_ex.o(i.HAL_RS485Ex_Init)
    HAL_TIMEx_Break2Callback                 0x0800452d   Thumb Code     2  stm32h7xx_hal_tim_ex.o(i.HAL_TIMEx_Break2Callback)
    HAL_TIMEx_BreakCallback                  0x0800452f   Thumb Code     2  stm32h7xx_hal_tim_ex.o(i.HAL_TIMEx_BreakCallback)
    HAL_TIMEx_CommutCallback                 0x08004531   Thumb Code     2  stm32h7xx_hal_tim_ex.o(i.HAL_TIMEx_CommutCallback)
    HAL_TIM_Base_Init                        0x08004533   Thumb Code    98  stm32h7xx_hal_tim.o(i.HAL_TIM_Base_Init)
    HAL_TIM_Base_MspInit                     0x08004595   Thumb Code     2  stm32h7xx_hal_tim.o(i.HAL_TIM_Base_MspInit)
    HAL_TIM_Base_Start_IT                    0x08004599   Thumb Code   106  stm32h7xx_hal_tim.o(i.HAL_TIM_Base_Start_IT)
    HAL_TIM_IC_CaptureCallback               0x08004625   Thumb Code     2  stm32h7xx_hal_tim.o(i.HAL_TIM_IC_CaptureCallback)
    HAL_TIM_IRQHandler                       0x08004627   Thumb Code   330  stm32h7xx_hal_tim.o(i.HAL_TIM_IRQHandler)
    HAL_TIM_OC_DelayElapsedCallback          0x08004771   Thumb Code     2  stm32h7xx_hal_tim.o(i.HAL_TIM_OC_DelayElapsedCallback)
    HAL_TIM_PWM_PulseFinishedCallback        0x08004773   Thumb Code     2  stm32h7xx_hal_tim.o(i.HAL_TIM_PWM_PulseFinishedCallback)
    HAL_TIM_PeriodElapsedCallback            0x08004775   Thumb Code    14  main.o(i.HAL_TIM_PeriodElapsedCallback)
    HAL_TIM_TriggerCallback                  0x08004789   Thumb Code     2  stm32h7xx_hal_tim.o(i.HAL_TIM_TriggerCallback)
    HAL_UARTEx_DisableFifoMode               0x0800478b   Thumb Code    62  stm32h7xx_hal_uart_ex.o(i.HAL_UARTEx_DisableFifoMode)
    HAL_UARTEx_ReceiveToIdle_DMA             0x080047c9   Thumb Code    82  stm32h7xx_hal_uart_ex.o(i.HAL_UARTEx_ReceiveToIdle_DMA)
    HAL_UARTEx_RxEventCallback               0x0800481d   Thumb Code   238  task_init.o(i.HAL_UARTEx_RxEventCallback)
    HAL_UARTEx_RxFifoFullCallback            0x08004929   Thumb Code     2  stm32h7xx_hal_uart_ex.o(i.HAL_UARTEx_RxFifoFullCallback)
    HAL_UARTEx_SetRxFifoThreshold            0x0800492b   Thumb Code    76  stm32h7xx_hal_uart_ex.o(i.HAL_UARTEx_SetRxFifoThreshold)
    HAL_UARTEx_SetTxFifoThreshold            0x08004977   Thumb Code    76  stm32h7xx_hal_uart_ex.o(i.HAL_UARTEx_SetTxFifoThreshold)
    HAL_UARTEx_TxFifoEmptyCallback           0x080049c3   Thumb Code     2  stm32h7xx_hal_uart_ex.o(i.HAL_UARTEx_TxFifoEmptyCallback)
    HAL_UARTEx_WakeupCallback                0x080049c5   Thumb Code     2  stm32h7xx_hal_uart_ex.o(i.HAL_UARTEx_WakeupCallback)
    HAL_UART_DMAStop                         0x080049c7   Thumb Code   148  stm32h7xx_hal_uart.o(i.HAL_UART_DMAStop)
    HAL_UART_ErrorCallback                   0x08004a5d   Thumb Code   200  task_init.o(i.HAL_UART_ErrorCallback)
    HAL_UART_IRQHandler                      0x08004b41   Thumb Code   900  stm32h7xx_hal_uart.o(i.HAL_UART_IRQHandler)
    HAL_UART_Init                            0x08004ed9   Thumb Code   106  stm32h7xx_hal_uart.o(i.HAL_UART_Init)
    HAL_UART_MspInit                         0x08004f45   Thumb Code   396  usart.o(i.HAL_UART_MspInit)
    HAL_UART_RxCpltCallback                  0x080050ed   Thumb Code     2  stm32h7xx_hal_uart.o(i.HAL_UART_RxCpltCallback)
    HAL_UART_RxHalfCpltCallback              0x080050ef   Thumb Code     2  stm32h7xx_hal_uart.o(i.HAL_UART_RxHalfCpltCallback)
    HAL_UART_Transmit_DMA                    0x080050f1   Thumb Code   132  stm32h7xx_hal_uart.o(i.HAL_UART_Transmit_DMA)
    HAL_UART_TxCpltCallback                  0x08005181   Thumb Code    18  task_init.o(i.HAL_UART_TxCpltCallback)
    HAL_UART_TxHalfCpltCallback              0x0800519d   Thumb Code     2  stm32h7xx_hal_uart.o(i.HAL_UART_TxHalfCpltCallback)
    HardFault_Handler                        0x0800519f   Thumb Code     2  stm32h7xx_it.o(i.HardFault_Handler)
    Hit_Task                                 0x080051a1   Thumb Code   352  task_init.o(i.Hit_Task)
    MX_DMA_Init                              0x08005315   Thumb Code    72  dma.o(i.MX_DMA_Init)
    MX_FDCAN1_Init                           0x08005361   Thumb Code    94  fdcan.o(i.MX_FDCAN1_Init)
    MX_FDCAN2_Init                           0x080053c9   Thumb Code    96  fdcan.o(i.MX_FDCAN2_Init)
    MX_FREERTOS_Init                         0x08005431   Thumb Code    18  freertos.o(i.MX_FREERTOS_Init)
    MX_GPIO_Init                             0x08005451   Thumb Code    86  gpio.o(i.MX_GPIO_Init)
    MX_UART7_Init                            0x080054ad   Thumb Code    94  usart.o(i.MX_UART7_Init)
    MX_USART2_UART_Init                      0x08005515   Thumb Code    96  usart.o(i.MX_USART2_UART_Init)
    MemManage_Handler                        0x08005581   Thumb Code     2  stm32h7xx_it.o(i.MemManage_Handler)
    NMI_Handler                              0x08005583   Thumb Code     2  stm32h7xx_it.o(i.NMI_Handler)
    RS485Init                                0x080057ad   Thumb Code    66  485_bus.o(i.RS485Init)
    RS485Recv                                0x080057f1   Thumb Code   240  485_bus.o(i.RS485Recv)
    RS485RecvIRQ_Handler                     0x080058e9   Thumb Code    50  485_bus.o(i.RS485RecvIRQ_Handler)
    RS485Send                                0x08005921   Thumb Code    66  485_bus.o(i.RS485Send)
    RS485SendIRQ_Handler                     0x08005965   Thumb Code    64  485_bus.o(i.RS485SendIRQ_Handler)
    StartDefaultTask                         0x080059a9   Thumb Code    12  freertos.o(i.StartDefaultTask)
    SysTick_Handler                          0x080059b5   Thumb Code    26  cmsis_os2.o(i.SysTick_Handler)
    SystemClock_Config                       0x080059d1   Thumb Code   160  main.o(i.SystemClock_Config)
    SystemInit                               0x08005a79   Thumb Code   206  system_stm32h7xx.o(i.SystemInit)
    TIM1_UP_IRQHandler                       0x08005b71   Thumb Code     6  stm32h7xx_it.o(i.TIM1_UP_IRQHandler)
    TIM_Base_SetConfig                       0x08005b7d   Thumb Code   168  stm32h7xx_hal_tim.o(i.TIM_Base_SetConfig)
    Task_Init                                0x08005c45   Thumb Code   208  task_init.o(i.Task_Init)
    UART7_IRQHandler                         0x08005d3d   Thumb Code     6  stm32h7xx_it.o(i.UART7_IRQHandler)
    UART_AdvFeatureConfig                    0x08005d8d   Thumb Code   200  stm32h7xx_hal_uart.o(i.UART_AdvFeatureConfig)
    UART_CheckIdleState                      0x08005e55   Thumb Code   172  stm32h7xx_hal_uart.o(i.UART_CheckIdleState)
    UART_SetConfig                           0x080060d5   Thumb Code   862  stm32h7xx_hal_uart.o(i.UART_SetConfig)
    UART_Start_Receive_DMA                   0x08006471   Thumb Code   158  stm32h7xx_hal_uart.o(i.UART_Start_Receive_DMA)
    UART_WaitOnFlagUntilTimeout              0x0800651d   Thumb Code   146  stm32h7xx_hal_uart.o(i.UART_WaitOnFlagUntilTimeout)
    USART2_IRQHandler                        0x080065b1   Thumb Code     6  stm32h7xx_it.o(i.USART2_IRQHandler)
    UsageFault_Handler                       0x080065bd   Thumb Code     2  stm32h7xx_it.o(i.UsageFault_Handler)
    crc_ccitt                                0x080065df   Thumb Code    22  crc_ccitt.o(i.crc_ccitt)
    crc_ccitt_byte                           0x080065f5   Thumb Code    16  crc_ccitt.o(i.crc_ccitt_byte)
    main                                     0x08006609   Thumb Code    46  main.o(i.main)
    osDelay                                  0x08006637   Thumb Code    26  cmsis_os2.o(i.osDelay)
    osKernelInitialize                       0x08006651   Thumb Code    32  cmsis_os2.o(i.osKernelInitialize)
    osKernelStart                            0x08006675   Thumb Code    48  cmsis_os2.o(i.osKernelStart)
    osThreadNew                              0x080066ad   Thumb Code   136  cmsis_os2.o(i.osThreadNew)
    pvPortMalloc                             0x08006ebd   Thumb Code   216  heap_4.o(i.pvPortMalloc)
    pvTaskIncrementMutexHeldCount            0x08006f99   Thumb Code    18  tasks.o(i.pvTaskIncrementMutexHeldCount)
    pxPortInitialiseStack                    0x08006fb1   Thumb Code    40  port.o(i.pxPortInitialiseStack)
    uxListRemove                             0x08006fdd   Thumb Code    38  list.o(i.uxListRemove)
    vApplicationGetIdleTaskMemory            0x08007005   Thumb Code    16  cmsis_os2.o(i.vApplicationGetIdleTaskMemory)
    vApplicationGetTimerTaskMemory           0x08007019   Thumb Code    18  cmsis_os2.o(i.vApplicationGetTimerTaskMemory)
    vListInitialise                          0x08007031   Thumb Code    22  list.o(i.vListInitialise)
    vListInitialiseItem                      0x08007047   Thumb Code     6  list.o(i.vListInitialiseItem)
    vListInsert                              0x0800704d   Thumb Code    48  list.o(i.vListInsert)
    vListInsertEnd                           0x0800707d   Thumb Code    24  list.o(i.vListInsertEnd)
    vPortEnterCritical                       0x08007095   Thumb Code    54  port.o(i.vPortEnterCritical)
    vPortExitCritical                        0x080070d5   Thumb Code    34  port.o(i.vPortExitCritical)
    vPortFree                                0x080070fd   Thumb Code    94  heap_4.o(i.vPortFree)
    vPortSetupTimerInterrupt                 0x08007161   Thumb Code    32  port.o(i.vPortSetupTimerInterrupt)
    vPortValidateInterruptPriority           0x08007185   Thumb Code    74  port.o(i.vPortValidateInterruptPriority)
    vQueueAddToRegistry                      0x080071d9   Thumb Code    32  queue.o(i.vQueueAddToRegistry)
    vQueueWaitForMessageRestricted           0x080071fd   Thumb Code    68  queue.o(i.vQueueWaitForMessageRestricted)
    vTaskDelay                               0x08007241   Thumb Code    66  tasks.o(i.vTaskDelay)
    vTaskDelayUntil                          0x0800728d   Thumb Code   136  tasks.o(i.vTaskDelayUntil)
    vTaskInternalSetTimeOutState             0x0800731d   Thumb Code    12  tasks.o(i.vTaskInternalSetTimeOutState)
    vTaskMissedYield                         0x0800732d   Thumb Code     8  tasks.o(i.vTaskMissedYield)
    vTaskPlaceOnEventList                    0x08007339   Thumb Code    44  tasks.o(i.vTaskPlaceOnEventList)
    vTaskPlaceOnEventListRestricted          0x08007369   Thumb Code    52  tasks.o(i.vTaskPlaceOnEventListRestricted)
    vTaskPriorityDisinheritAfterTimeout      0x080073a1   Thumb Code   136  tasks.o(i.vTaskPriorityDisinheritAfterTimeout)
    vTaskStartScheduler                      0x08007431   Thumb Code   116  tasks.o(i.vTaskStartScheduler)
    vTaskSuspendAll                          0x080074b5   Thumb Code    10  tasks.o(i.vTaskSuspendAll)
    vTaskSwitchContext                       0x080074c5   Thumb Code    90  tasks.o(i.vTaskSwitchContext)
    xPortStartScheduler                      0x08007529   Thumb Code   224  port.o(i.xPortStartScheduler)
    xPortSysTickHandler                      0x0800761d   Thumb Code    38  port.o(i.xPortSysTickHandler)
    xQueueGenericCreate                      0x08007649   Thumb Code    66  queue.o(i.xQueueGenericCreate)
    xQueueGenericCreateStatic                0x0800768b   Thumb Code   102  queue.o(i.xQueueGenericCreateStatic)
    xQueueGenericReset                       0x080076f1   Thumb Code   132  queue.o(i.xQueueGenericReset)
    xQueueGenericSend                        0x08007779   Thumb Code   350  queue.o(i.xQueueGenericSend)
    xQueueGenericSendFromISR                 0x080078dd   Thumb Code   190  queue.o(i.xQueueGenericSendFromISR)
    xQueueGiveFromISR                        0x0800799b   Thumb Code   156  queue.o(i.xQueueGiveFromISR)
    xQueueReceive                            0x08007a39   Thumb Code   308  queue.o(i.xQueueReceive)
    xQueueSemaphoreTake                      0x08007b71   Thumb Code   372  queue.o(i.xQueueSemaphoreTake)
    xTaskCheckForTimeOut                     0x08007ce9   Thumb Code   112  tasks.o(i.xTaskCheckForTimeOut)
    xTaskCreate                              0x08007d5d   Thumb Code    90  tasks.o(i.xTaskCreate)
    xTaskCreateStatic                        0x08007db7   Thumb Code    90  tasks.o(i.xTaskCreateStatic)
    xTaskGetSchedulerState                   0x08007e11   Thumb Code    22  tasks.o(i.xTaskGetSchedulerState)
    xTaskGetTickCount                        0x08007e2d   Thumb Code     6  tasks.o(i.xTaskGetTickCount)
    xTaskIncrementTick                       0x08007e39   Thumb Code   192  tasks.o(i.xTaskIncrementTick)
    xTaskPriorityDisinherit                  0x08007f01   Thumb Code   116  tasks.o(i.xTaskPriorityDisinherit)
    xTaskPriorityInherit                     0x08007f7d   Thumb Code   114  tasks.o(i.xTaskPriorityInherit)
    xTaskRemoveFromEventList                 0x08007ff9   Thumb Code    98  tasks.o(i.xTaskRemoveFromEventList)
    xTaskResumeAll                           0x08008069   Thumb Code   180  tasks.o(i.xTaskResumeAll)
    xTimerCreateTimerTask                    0x08008129   Thumb Code    78  timers.o(i.xTimerCreateTimerTask)
    xTimerGenericCommand                     0x08008189   Thumb Code    94  timers.o(i.xTimerGenericCommand)
    _fp_init                                 0x080081ed   Thumb Code    10  fpinit.o(x$fpl$fpinit)
    __fplib_config_fpu_vfp                   0x080081f5   Thumb Code     0  fpinit.o(x$fpl$fpinit)
    __fplib_config_pureend_doubles           0x080081f5   Thumb Code     0  fpinit.o(x$fpl$fpinit)
    defaultTask_attributes                   0x080081f8   Data          36  freertos.o(.constdata)
    UARTPrescTable                           0x08008280   Data          24  stm32h7xx_hal_uart.o(.constdata)
    D1CorePrescTable                         0x080082a8   Data          16  system_stm32h7xx.o(.constdata)
    crc_ccitt_table                          0x080082b8   Data         512  crc_ccitt.o(.constdata)
    Region$$Table$$Base                      0x080084c4   Number         0  anon$$obj.o(Region$$Table)
    Region$$Table$$Limit                     0x080084e4   Number         0  anon$$obj.o(Region$$Table)
    defaultTaskHandle                        0x24000000   Data           4  freertos.o(.data)
    uwTickFreq                               0x24000008   Data           1  stm32h7xx_hal.o(.data)
    uwTickPrio                               0x2400000c   Data           4  stm32h7xx_hal.o(.data)
    uwTick                                   0x24000010   Data           4  stm32h7xx_hal.o(.data)
    SystemCoreClock                          0x24000014   Data           4  system_stm32h7xx.o(.data)
    SystemD2Clock                            0x24000018   Data           4  system_stm32h7xx.o(.data)
    pxCurrentTCB                             0x2400001c   Data           4  tasks.o(.data)
    init_done                                0x2400009c   Data           1  task_init.o(.data)
    bt_cmd                                   0x2400009d   Data           1  task_init.o(.data)
    unitree_F                                0x240000a0   Data           4  task_init.o(.data)
    unitree_S                                0x240000a4   Data           4  task_init.o(.data)
    unitree_T                                0x240000a8   Data           4  task_init.o(.data)
    unitree_inv_back                         0x240000ac   Data           4  task_init.o(.data)
    unitree_inv_front                        0x240000b0   Data           4  task_init.o(.data)
    ret                                      0x240000b4   Data           4  task_init.o(.data)
    error_cnt                                0x240000b8   Data           4  task_init.o(.data)
    success_cnt                              0x240000bc   Data           4  task_init.o(.data)
    Hit_Task_Handle                          0x240000c0   Data           4  task_init.o(.data)
    let_fly                                  0x240000c4   Data          68  task_init.o(.data)
    hfdcan1                                  0x24000108   Data         160  fdcan.o(.bss)
    hfdcan2                                  0x240001a8   Data         160  fdcan.o(.bss)
    huart7                                   0x24000248   Data         148  usart.o(.bss)
    huart2                                   0x240002dc   Data         148  usart.o(.bss)
    hdma_uart7_rx                            0x24000370   Data         120  usart.o(.bss)
    hdma_usart2_rx                           0x240003e8   Data         120  usart.o(.bss)
    hdma_usart2_tx                           0x24000460   Data         120  usart.o(.bss)
    htim1                                    0x240004d8   Data          76  stm32h7xx_hal_timebase_tim.o(.bss)
    xQueueRegistry                           0x24000524   Data          64  queue.o(.bss)
    rs485bus                                 0x24004df8   Data          32  task_init.o(.bss)
    dma1_send_buf                            0x24004e18   Data          17  task_init.o(.bss)
    dma1_recv_buf                            0x24004e29   Data          16  task_init.o(.bss)
    cubic                                    0x24004e3c   Data          36  task_init.o(.bss)
    state                                    0x24004e60   Data          12  task_init.o(.bss)
    __libspace_start                         0x24004eac   Data          96  libspace.o(.bss)
    __temporary_stack_top$libspace           0x24004f0c   Data           0  libspace.o(.bss)



==============================================================================

Memory Map of the image

  Image Entry point : 0x08000299

  Load Region LR_IROM1 (Base: 0x08000000, Size: 0x000085ec, Max: 0x00200000, ABSOLUTE)

    Execution Region ER_IROM1 (Exec base: 0x08000000, Load base: 0x08000000, Size: 0x000084e4, Max: 0x00200000, ABSOLUTE)

    Exec Addr    Load Addr    Size         Type   Attr      Idx    E Section Name        Object

    0x08000000   0x08000000   0x00000298   Data   RO            3    RESET               startup_stm32h743xx.o
    0x08000298   0x08000298   0x00000008   Code   RO         7816  * !!!main             c_w.l(__main.o)
    0x080002a0   0x080002a0   0x00000034   Code   RO         8031    !!!scatter          c_w.l(__scatter.o)
    0x080002d4   0x080002d4   0x0000001a   Code   RO         8033    !!handler_copy      c_w.l(__scatter_copy.o)
    0x080002ee   0x080002ee   0x00000002   PAD
    0x080002f0   0x080002f0   0x0000001c   Code   RO         8035    !!handler_zi        c_w.l(__scatter_zi.o)
    0x0800030c   0x0800030c   0x00000002   Code   RO         7968    .ARM.Collect$$libinit$$00000000  c_w.l(libinit.o)
    0x0800030e   0x0800030e   0x00000004   Code   RO         7854    .ARM.Collect$$libinit$$00000001  c_w.l(libinit2.o)
    0x08000312   0x08000312   0x00000000   Code   RO         7857    .ARM.Collect$$libinit$$00000004  c_w.l(libinit2.o)
    0x08000312   0x08000312   0x00000000   Code   RO         7860    .ARM.Collect$$libinit$$0000000A  c_w.l(libinit2.o)
    0x08000312   0x08000312   0x00000000   Code   RO         7862    .ARM.Collect$$libinit$$0000000C  c_w.l(libinit2.o)
    0x08000312   0x08000312   0x00000000   Code   RO         7864    .ARM.Collect$$libinit$$0000000E  c_w.l(libinit2.o)
    0x08000312   0x08000312   0x00000000   Code   RO         7867    .ARM.Collect$$libinit$$00000011  c_w.l(libinit2.o)
    0x08000312   0x08000312   0x00000000   Code   RO         7869    .ARM.Collect$$libinit$$00000013  c_w.l(libinit2.o)
    0x08000312   0x08000312   0x00000000   Code   RO         7871    .ARM.Collect$$libinit$$00000015  c_w.l(libinit2.o)
    0x08000312   0x08000312   0x00000000   Code   RO         7873    .ARM.Collect$$libinit$$00000017  c_w.l(libinit2.o)
    0x08000312   0x08000312   0x00000000   Code   RO         7875    .ARM.Collect$$libinit$$00000019  c_w.l(libinit2.o)
    0x08000312   0x08000312   0x00000000   Code   RO         7877    .ARM.Collect$$libinit$$0000001B  c_w.l(libinit2.o)
    0x08000312   0x08000312   0x00000000   Code   RO         7879    .ARM.Collect$$libinit$$0000001D  c_w.l(libinit2.o)
    0x08000312   0x08000312   0x00000000   Code   RO         7881    .ARM.Collect$$libinit$$0000001F  c_w.l(libinit2.o)
    0x08000312   0x08000312   0x00000000   Code   RO         7883    .ARM.Collect$$libinit$$00000021  c_w.l(libinit2.o)
    0x08000312   0x08000312   0x00000000   Code   RO         7885    .ARM.Collect$$libinit$$00000023  c_w.l(libinit2.o)
    0x08000312   0x08000312   0x00000000   Code   RO         7887    .ARM.Collect$$libinit$$00000025  c_w.l(libinit2.o)
    0x08000312   0x08000312   0x00000000   Code   RO         7891    .ARM.Collect$$libinit$$0000002C  c_w.l(libinit2.o)
    0x08000312   0x08000312   0x00000000   Code   RO         7893    .ARM.Collect$$libinit$$0000002E  c_w.l(libinit2.o)
    0x08000312   0x08000312   0x00000000   Code   RO         7895    .ARM.Collect$$libinit$$00000030  c_w.l(libinit2.o)
    0x08000312   0x08000312   0x00000000   Code   RO         7897    .ARM.Collect$$libinit$$00000032  c_w.l(libinit2.o)
    0x08000312   0x08000312   0x00000002   Code   RO         7898    .ARM.Collect$$libinit$$00000033  c_w.l(libinit2.o)
    0x08000314   0x08000314   0x00000002   Code   RO         8028    .ARM.Collect$$libshutdown$$00000000  c_w.l(libshutdown.o)
    0x08000316   0x08000316   0x00000000   Code   RO         7984    .ARM.Collect$$libshutdown$$00000002  c_w.l(libshutdown2.o)
    0x08000316   0x08000316   0x00000000   Code   RO         7986    .ARM.Collect$$libshutdown$$00000004  c_w.l(libshutdown2.o)
    0x08000316   0x08000316   0x00000000   Code   RO         7988    .ARM.Collect$$libshutdown$$00000006  c_w.l(libshutdown2.o)
    0x08000316   0x08000316   0x00000000   Code   RO         7991    .ARM.Collect$$libshutdown$$00000009  c_w.l(libshutdown2.o)
    0x08000316   0x08000316   0x00000000   Code   RO         7994    .ARM.Collect$$libshutdown$$0000000C  c_w.l(libshutdown2.o)
    0x08000316   0x08000316   0x00000000   Code   RO         7996    .ARM.Collect$$libshutdown$$0000000E  c_w.l(libshutdown2.o)
    0x08000316   0x08000316   0x00000000   Code   RO         7999    .ARM.Collect$$libshutdown$$00000011  c_w.l(libshutdown2.o)
    0x08000316   0x08000316   0x00000002   Code   RO         8000    .ARM.Collect$$libshutdown$$00000012  c_w.l(libshutdown2.o)
    0x08000318   0x08000318   0x00000000   Code   RO         7820    .ARM.Collect$$rtentry$$00000000  c_w.l(__rtentry.o)
    0x08000318   0x08000318   0x00000000   Code   RO         7905    .ARM.Collect$$rtentry$$00000002  c_w.l(__rtentry2.o)
    0x08000318   0x08000318   0x00000006   Code   RO         7917    .ARM.Collect$$rtentry$$00000004  c_w.l(__rtentry4.o)
    0x0800031e   0x0800031e   0x00000000   Code   RO         7907    .ARM.Collect$$rtentry$$00000009  c_w.l(__rtentry2.o)
    0x0800031e   0x0800031e   0x00000004   Code   RO         7908    .ARM.Collect$$rtentry$$0000000A  c_w.l(__rtentry2.o)
    0x08000322   0x08000322   0x00000000   Code   RO         7910    .ARM.Collect$$rtentry$$0000000C  c_w.l(__rtentry2.o)
    0x08000322   0x08000322   0x00000008   Code   RO         7911    .ARM.Collect$$rtentry$$0000000D  c_w.l(__rtentry2.o)
    0x0800032a   0x0800032a   0x00000002   Code   RO         7971    .ARM.Collect$$rtexit$$00000000  c_w.l(rtexit.o)
    0x0800032c   0x0800032c   0x00000000   Code   RO         8004    .ARM.Collect$$rtexit$$00000002  c_w.l(rtexit2.o)
    0x0800032c   0x0800032c   0x00000004   Code   RO         8005    .ARM.Collect$$rtexit$$00000003  c_w.l(rtexit2.o)
    0x08000330   0x08000330   0x00000006   Code   RO         8006    .ARM.Collect$$rtexit$$00000004  c_w.l(rtexit2.o)
    0x08000336   0x08000336   0x00000002   PAD
    0x08000338   0x08000338   0x000000be   Code   RO         6919    .emb_text           port.o
    0x080003f6   0x080003f6   0x00000002   PAD
    0x080003f8   0x080003f8   0x00000048   Code   RO            4    .text               startup_stm32h743xx.o
    0x08000440   0x08000440   0x000000ee   Code   RO         7802    .text               c_w.l(lludivv7m.o)
    0x0800052e   0x0800052e   0x0000008a   Code   RO         7804    .text               c_w.l(rt_memcpy_v6.o)
    0x080005b8   0x080005b8   0x00000064   Code   RO         7806    .text               c_w.l(rt_memcpy_w.o)
    0x0800061c   0x0800061c   0x00000010   Code   RO         7810    .text               c_w.l(aeabi_memset.o)
    0x0800062c   0x0800062c   0x0000004e   Code   RO         7812    .text               c_w.l(rt_memclr_w.o)
    0x0800067a   0x0800067a   0x00000006   Code   RO         7814    .text               c_w.l(heapauxi.o)
    0x08000680   0x08000680   0x00000044   Code   RO         7850    .text               c_w.l(rt_memclr.o)
    0x080006c4   0x080006c4   0x00000008   Code   RO         7901    .text               c_w.l(libspace.o)
    0x080006cc   0x080006cc   0x00000002   Code   RO         7940    .text               c_w.l(use_no_semi.o)
    0x080006ce   0x080006ce   0x00000000   Code   RO         7942    .text               c_w.l(indicate_semi.o)
    0x080006ce   0x080006ce   0x0000004a   Code   RO         7943    .text               c_w.l(sys_stackheap_outer.o)
    0x08000718   0x08000718   0x00000012   Code   RO         7949    .text               c_w.l(exit.o)
    0x0800072a   0x0800072a   0x00000002   PAD
    0x0800072c   0x0800072c   0x0000000c   Code   RO         7969    .text               c_w.l(sys_exit.o)
    0x08000738   0x08000738   0x00000002   Code   RO          454    i.BusFault_Handler  stm32h7xx_it.o
    0x0800073a   0x0800073a   0x00000002   PAD
    0x0800073c   0x0800073c   0x000000cc   Code   RO         7657    i.Cubic_GetFullState  step.o
    0x08000808   0x08000808   0x000000a0   Code   RO         7658    i.Cubic_SetTrajectory  step.o
    0x080008a8   0x080008a8   0x0000000c   Code   RO          455    i.DMA1_Stream0_IRQHandler  stm32h7xx_it.o
    0x080008b4   0x080008b4   0x0000000c   Code   RO          456    i.DMA1_Stream1_IRQHandler  stm32h7xx_it.o
    0x080008c0   0x080008c0   0x0000000c   Code   RO          457    i.DMA1_Stream2_IRQHandler  stm32h7xx_it.o
    0x080008cc   0x080008cc   0x000000b8   Code   RO         2431    i.DMA_CalcBaseAndBitshift  stm32h7xx_hal_dma.o
    0x08000984   0x08000984   0x000000a0   Code   RO         2432    i.DMA_CalcDMAMUXChannelBaseAndMask  stm32h7xx_hal_dma.o
    0x08000a24   0x08000a24   0x0000007c   Code   RO         2433    i.DMA_CalcDMAMUXRequestGenBaseAndMask  stm32h7xx_hal_dma.o
    0x08000aa0   0x08000aa0   0x00000054   Code   RO         2434    i.DMA_CheckFifoParam  stm32h7xx_hal_dma.o
    0x08000af4   0x08000af4   0x00000220   Code   RO         2435    i.DMA_SetConfig     stm32h7xx_hal_dma.o
    0x08000d14   0x08000d14   0x00000002   Code   RO          458    i.DebugMon_Handler  stm32h7xx_it.o
    0x08000d16   0x08000d16   0x00000004   Code   RO           13    i.Error_Handler     main.o
    0x08000d1a   0x08000d1a   0x00000002   PAD
    0x08000d1c   0x08000d1c   0x0000001c   Code   RO         5204    i.ExitRun0Mode      system_stm32h7xx.o
    0x08000d38   0x08000d38   0x0000000c   Code   RO          459    i.FDCAN1_IT0_IRQHandler  stm32h7xx_it.o
    0x08000d44   0x08000d44   0x0000000c   Code   RO          460    i.FDCAN2_IT1_IRQHandler  stm32h7xx_it.o
    0x08000d50   0x08000d50   0x0000001c   Code   RO          461    i.FDCAN_CAL_IRQHandler  stm32h7xx_it.o
    0x08000d6c   0x08000d6c   0x000001c0   Code   RO         4048    i.FDCAN_CalcultateRamBlockAddresses  stm32h7xx_hal_fdcan.o
    0x08000f2c   0x08000f2c   0x000000e8   Code   RO         7198    i.GoMotorRecv       go_motor.o
    0x08001014   0x08001014   0x000000c4   Code   RO         7200    i.GoMotorSend       go_motor.o
    0x080010d8   0x080010d8   0x00000360   Code   RO         2436    i.HAL_DMA_Abort     stm32h7xx_hal_dma.o
    0x08001438   0x08001438   0x0000026c   Code   RO         2437    i.HAL_DMA_Abort_IT  stm32h7xx_hal_dma.o
    0x080016a4   0x080016a4   0x00000004   Code   RO         2439    i.HAL_DMA_GetError  stm32h7xx_hal_dma.o
    0x080016a8   0x080016a8   0x000006f4   Code   RO         2441    i.HAL_DMA_IRQHandler  stm32h7xx_hal_dma.o
    0x08001d9c   0x08001d9c   0x000003b0   Code   RO         2442    i.HAL_DMA_Init      stm32h7xx_hal_dma.o
    0x0800214c   0x0800214c   0x000002b4   Code   RO         2446    i.HAL_DMA_Start_IT  stm32h7xx_hal_dma.o
    0x08002400   0x08002400   0x00000002   Code   RO         4054    i.HAL_FDCAN_ClockCalibrationCallback  stm32h7xx_hal_fdcan.o
    0x08002402   0x08002402   0x00000002   Code   RO         4080    i.HAL_FDCAN_ErrorCallback  stm32h7xx_hal_fdcan.o
    0x08002404   0x08002404   0x00000002   Code   RO         4081    i.HAL_FDCAN_ErrorStatusCallback  stm32h7xx_hal_fdcan.o
    0x08002406   0x08002406   0x00000002   Code   RO         4098    i.HAL_FDCAN_HighPriorityMessageCallback  stm32h7xx_hal_fdcan.o
    0x08002408   0x08002408   0x000002e0   Code   RO         4099    i.HAL_FDCAN_IRQHandler  stm32h7xx_hal_fdcan.o
    0x080026e8   0x080026e8   0x00000244   Code   RO         4100    i.HAL_FDCAN_Init    stm32h7xx_hal_fdcan.o
    0x0800292c   0x0800292c   0x00000134   Code   RO          358    i.HAL_FDCAN_MspInit  fdcan.o
    0x08002a60   0x08002a60   0x00000002   Code   RO         4109    i.HAL_FDCAN_RxBufferNewMessageCallback  stm32h7xx_hal_fdcan.o
    0x08002a62   0x08002a62   0x00000002   Code   RO         4110    i.HAL_FDCAN_RxFifo0Callback  stm32h7xx_hal_fdcan.o
    0x08002a64   0x08002a64   0x00000002   Code   RO         4111    i.HAL_FDCAN_RxFifo1Callback  stm32h7xx_hal_fdcan.o
    0x08002a66   0x08002a66   0x00000002   Code   RO         4134    i.HAL_FDCAN_TT_GlobalTimeCallback  stm32h7xx_hal_fdcan.o
    0x08002a68   0x08002a68   0x00000002   Code   RO         4135    i.HAL_FDCAN_TT_ScheduleSyncCallback  stm32h7xx_hal_fdcan.o
    0x08002a6a   0x08002a6a   0x00000002   Code   RO         4140    i.HAL_FDCAN_TT_StopWatchCallback  stm32h7xx_hal_fdcan.o
    0x08002a6c   0x08002a6c   0x00000002   Code   RO         4141    i.HAL_FDCAN_TT_TimeMarkCallback  stm32h7xx_hal_fdcan.o
    0x08002a6e   0x08002a6e   0x00000002   Code   RO         4142    i.HAL_FDCAN_TimeoutOccurredCallback  stm32h7xx_hal_fdcan.o
    0x08002a70   0x08002a70   0x00000002   Code   RO         4143    i.HAL_FDCAN_TimestampWraparoundCallback  stm32h7xx_hal_fdcan.o
    0x08002a72   0x08002a72   0x00000002   Code   RO         4144    i.HAL_FDCAN_TxBufferAbortCallback  stm32h7xx_hal_fdcan.o
    0x08002a74   0x08002a74   0x00000002   Code   RO         4145    i.HAL_FDCAN_TxBufferCompleteCallback  stm32h7xx_hal_fdcan.o
    0x08002a76   0x08002a76   0x00000002   Code   RO         4146    i.HAL_FDCAN_TxEventFifoCallback  stm32h7xx_hal_fdcan.o
    0x08002a78   0x08002a78   0x00000002   Code   RO         4147    i.HAL_FDCAN_TxFifoEmptyCallback  stm32h7xx_hal_fdcan.o
    0x08002a7a   0x08002a7a   0x00000002   PAD
    0x08002a7c   0x08002a7c   0x000001dc   Code   RO         2284    i.HAL_GPIO_Init     stm32h7xx_hal_gpio.o
    0x08002c58   0x08002c58   0x0000000a   Code   RO         2288    i.HAL_GPIO_WritePin  stm32h7xx_hal_gpio.o
    0x08002c62   0x08002c62   0x00000002   PAD
    0x08002c64   0x08002c64   0x0000000c   Code   RO         3156    i.HAL_GetREVID      stm32h7xx_hal.o
    0x08002c70   0x08002c70   0x0000000c   Code   RO         3157    i.HAL_GetTick       stm32h7xx_hal.o
    0x08002c7c   0x08002c7c   0x00000010   Code   RO         3163    i.HAL_IncTick       stm32h7xx_hal.o
    0x08002c8c   0x08002c8c   0x0000005c   Code   RO         3164    i.HAL_Init          stm32h7xx_hal.o
    0x08002ce8   0x08002ce8   0x00000084   Code   RO          590    i.HAL_InitTick      stm32h7xx_hal_timebase_tim.o
    0x08002d6c   0x08002d6c   0x00000024   Code   RO          566    i.HAL_MspInit       stm32h7xx_hal_msp.o
    0x08002d90   0x08002d90   0x0000001a   Code   RO         1644    i.HAL_NVIC_EnableIRQ  stm32h7xx_hal_cortex.o
    0x08002daa   0x08002daa   0x00000002   PAD
    0x08002dac   0x08002dac   0x00000040   Code   RO         1650    i.HAL_NVIC_SetPriority  stm32h7xx_hal_cortex.o
    0x08002dec   0x08002dec   0x00000024   Code   RO         1651    i.HAL_NVIC_SetPriorityGrouping  stm32h7xx_hal_cortex.o
    0x08002e10   0x08002e10   0x00000050   Code   RO         2885    i.HAL_PWREx_ConfigSupply  stm32h7xx_hal_pwr_ex.o
    0x08002e60   0x08002e60   0x00000024   Code   RO         1905    i.HAL_RCCEx_GetD3PCLK1Freq  stm32h7xx_hal_rcc_ex.o
    0x08002e84   0x08002e84   0x0000013c   Code   RO         1907    i.HAL_RCCEx_GetPLL2ClockFreq  stm32h7xx_hal_rcc_ex.o
    0x08002fc0   0x08002fc0   0x0000013c   Code   RO         1908    i.HAL_RCCEx_GetPLL3ClockFreq  stm32h7xx_hal_rcc_ex.o
    0x080030fc   0x080030fc   0x000009a8   Code   RO         1914    i.HAL_RCCEx_PeriphCLKConfig  stm32h7xx_hal_rcc_ex.o
    0x08003aa4   0x08003aa4   0x00000270   Code   RO         1790    i.HAL_RCC_ClockConfig  stm32h7xx_hal_rcc.o
    0x08003d14   0x08003d14   0x00000060   Code   RO         1794    i.HAL_RCC_GetClockConfig  stm32h7xx_hal_rcc.o
    0x08003d74   0x08003d74   0x00000044   Code   RO         1795    i.HAL_RCC_GetHCLKFreq  stm32h7xx_hal_rcc.o
    0x08003db8   0x08003db8   0x00000024   Code   RO         1797    i.HAL_RCC_GetPCLK1Freq  stm32h7xx_hal_rcc.o
    0x08003ddc   0x08003ddc   0x00000024   Code   RO         1798    i.HAL_RCC_GetPCLK2Freq  stm32h7xx_hal_rcc.o
    0x08003e00   0x08003e00   0x00000130   Code   RO         1799    i.HAL_RCC_GetSysClockFreq  stm32h7xx_hal_rcc.o
    0x08003f30   0x08003f30   0x0000056e   Code   RO         1802    i.HAL_RCC_OscConfig  stm32h7xx_hal_rcc.o
    0x0800449e   0x0800449e   0x00000002   PAD
    0x080044a0   0x080044a0   0x0000008c   Code   RO         5085    i.HAL_RS485Ex_Init  stm32h7xx_hal_uart_ex.o
    0x0800452c   0x0800452c   0x00000002   Code   RO         1345    i.HAL_TIMEx_Break2Callback  stm32h7xx_hal_tim_ex.o
    0x0800452e   0x0800452e   0x00000002   Code   RO         1346    i.HAL_TIMEx_BreakCallback  stm32h7xx_hal_tim_ex.o
    0x08004530   0x08004530   0x00000002   Code   RO         1347    i.HAL_TIMEx_CommutCallback  stm32h7xx_hal_tim_ex.o
    0x08004532   0x08004532   0x00000062   Code   RO          631    i.HAL_TIM_Base_Init  stm32h7xx_hal_tim.o
    0x08004594   0x08004594   0x00000002   Code   RO          633    i.HAL_TIM_Base_MspInit  stm32h7xx_hal_tim.o
    0x08004596   0x08004596   0x00000002   PAD
    0x08004598   0x08004598   0x0000008c   Code   RO          636    i.HAL_TIM_Base_Start_IT  stm32h7xx_hal_tim.o
    0x08004624   0x08004624   0x00000002   Code   RO          665    i.HAL_TIM_IC_CaptureCallback  stm32h7xx_hal_tim.o
    0x08004626   0x08004626   0x0000014a   Code   RO          679    i.HAL_TIM_IRQHandler  stm32h7xx_hal_tim.o
    0x08004770   0x08004770   0x00000002   Code   RO          682    i.HAL_TIM_OC_DelayElapsedCallback  stm32h7xx_hal_tim.o
    0x08004772   0x08004772   0x00000002   Code   RO          709    i.HAL_TIM_PWM_PulseFinishedCallback  stm32h7xx_hal_tim.o
    0x08004774   0x08004774   0x00000014   Code   RO           14    i.HAL_TIM_PeriodElapsedCallback  main.o
    0x08004788   0x08004788   0x00000002   Code   RO          722    i.HAL_TIM_TriggerCallback  stm32h7xx_hal_tim.o
    0x0800478a   0x0800478a   0x0000003e   Code   RO         5086    i.HAL_UARTEx_DisableFifoMode  stm32h7xx_hal_uart_ex.o
    0x080047c8   0x080047c8   0x00000052   Code   RO         5092    i.HAL_UARTEx_ReceiveToIdle_DMA  stm32h7xx_hal_uart_ex.o
    0x0800481a   0x0800481a   0x00000002   PAD
    0x0800481c   0x0800481c   0x0000010c   Code   RO         7681    i.HAL_UARTEx_RxEventCallback  task_init.o
    0x08004928   0x08004928   0x00000002   Code   RO         5094    i.HAL_UARTEx_RxFifoFullCallback  stm32h7xx_hal_uart_ex.o
    0x0800492a   0x0800492a   0x0000004c   Code   RO         5095    i.HAL_UARTEx_SetRxFifoThreshold  stm32h7xx_hal_uart_ex.o
    0x08004976   0x08004976   0x0000004c   Code   RO         5096    i.HAL_UARTEx_SetTxFifoThreshold  stm32h7xx_hal_uart_ex.o
    0x080049c2   0x080049c2   0x00000002   Code   RO         5098    i.HAL_UARTEx_TxFifoEmptyCallback  stm32h7xx_hal_uart_ex.o
    0x080049c4   0x080049c4   0x00000002   Code   RO         5099    i.HAL_UARTEx_WakeupCallback  stm32h7xx_hal_uart_ex.o
    0x080049c6   0x080049c6   0x00000094   Code   RO         4687    i.HAL_UART_DMAStop  stm32h7xx_hal_uart.o
    0x08004a5a   0x08004a5a   0x00000002   PAD
    0x08004a5c   0x08004a5c   0x000000e4   Code   RO         7682    i.HAL_UART_ErrorCallback  task_init.o
    0x08004b40   0x08004b40   0x00000398   Code   RO         4694    i.HAL_UART_IRQHandler  stm32h7xx_hal_uart.o
    0x08004ed8   0x08004ed8   0x0000006a   Code   RO         4695    i.HAL_UART_Init     stm32h7xx_hal_uart.o
    0x08004f42   0x08004f42   0x00000002   PAD
    0x08004f44   0x08004f44   0x000001a8   Code   RO          407    i.HAL_UART_MspInit  usart.o
    0x080050ec   0x080050ec   0x00000002   Code   RO         4702    i.HAL_UART_RxCpltCallback  stm32h7xx_hal_uart.o
    0x080050ee   0x080050ee   0x00000002   Code   RO         4703    i.HAL_UART_RxHalfCpltCallback  stm32h7xx_hal_uart.o
    0x080050f0   0x080050f0   0x00000090   Code   RO         4705    i.HAL_UART_Transmit_DMA  stm32h7xx_hal_uart.o
    0x08005180   0x08005180   0x0000001c   Code   RO         7683    i.HAL_UART_TxCpltCallback  task_init.o
    0x0800519c   0x0800519c   0x00000002   Code   RO         4708    i.HAL_UART_TxHalfCpltCallback  stm32h7xx_hal_uart.o
    0x0800519e   0x0800519e   0x00000002   Code   RO          462    i.HardFault_Handler  stm32h7xx_it.o
    0x080051a0   0x080051a0   0x00000174   Code   RO         7684    i.Hit_Task          task_init.o
    0x08005314   0x08005314   0x0000004c   Code   RO          333    i.MX_DMA_Init       dma.o
    0x08005360   0x08005360   0x00000068   Code   RO          359    i.MX_FDCAN1_Init    fdcan.o
    0x080053c8   0x080053c8   0x00000068   Code   RO          360    i.MX_FDCAN2_Init    fdcan.o
    0x08005430   0x08005430   0x00000020   Code   RO          244    i.MX_FREERTOS_Init  freertos.o
    0x08005450   0x08005450   0x0000005c   Code   RO          220    i.MX_GPIO_Init      gpio.o
    0x080054ac   0x080054ac   0x00000068   Code   RO          408    i.MX_UART7_Init     usart.o
    0x08005514   0x08005514   0x0000006c   Code   RO          409    i.MX_USART2_UART_Init  usart.o
    0x08005580   0x08005580   0x00000002   Code   RO          463    i.MemManage_Handler  stm32h7xx_it.o
    0x08005582   0x08005582   0x00000002   Code   RO          464    i.NMI_Handler       stm32h7xx_it.o
    0x08005584   0x08005584   0x00000114   Code   RO         1917    i.RCCEx_PLL2_Config  stm32h7xx_hal_rcc_ex.o
    0x08005698   0x08005698   0x00000114   Code   RO         1918    i.RCCEx_PLL3_Config  stm32h7xx_hal_rcc_ex.o
    0x080057ac   0x080057ac   0x00000042   Code   RO         6999    i.RS485Init         485_bus.o
    0x080057ee   0x080057ee   0x00000002   PAD
    0x080057f0   0x080057f0   0x000000f8   Code   RO         7000    i.RS485Recv         485_bus.o
    0x080058e8   0x080058e8   0x00000038   Code   RO         7001    i.RS485RecvIRQ_Handler  485_bus.o
    0x08005920   0x08005920   0x00000042   Code   RO         7002    i.RS485Send         485_bus.o
    0x08005962   0x08005962   0x00000002   PAD
    0x08005964   0x08005964   0x00000044   Code   RO         7003    i.RS485SendIRQ_Handler  485_bus.o
    0x080059a8   0x080059a8   0x0000000c   Code   RO          245    i.StartDefaultTask  freertos.o
    0x080059b4   0x080059b4   0x0000001a   Code   RO         6354    i.SysTick_Handler   cmsis_os2.o
    0x080059ce   0x080059ce   0x00000002   PAD
    0x080059d0   0x080059d0   0x000000a8   Code   RO           15    i.SystemClock_Config  main.o
    0x08005a78   0x08005a78   0x000000f8   Code   RO         5206    i.SystemInit        system_stm32h7xx.o
    0x08005b70   0x08005b70   0x0000000c   Code   RO          465    i.TIM1_UP_IRQHandler  stm32h7xx_it.o
    0x08005b7c   0x08005b7c   0x000000c8   Code   RO          724    i.TIM_Base_SetConfig  stm32h7xx_hal_tim.o
    0x08005c44   0x08005c44   0x000000f8   Code   RO         7685    i.Task_Init         task_init.o
    0x08005d3c   0x08005d3c   0x0000000c   Code   RO          466    i.UART7_IRQHandler  stm32h7xx_it.o
    0x08005d48   0x08005d48   0x00000044   Code   RO         5100    i.UARTEx_SetNbDataToProcess  stm32h7xx_hal_uart_ex.o
    0x08005d8c   0x08005d8c   0x000000c8   Code   RO         4709    i.UART_AdvFeatureConfig  stm32h7xx_hal_uart.o
    0x08005e54   0x08005e54   0x000000ac   Code   RO         4710    i.UART_CheckIdleState  stm32h7xx_hal_uart.o
    0x08005f00   0x08005f00   0x00000010   Code   RO         4711    i.UART_DMAAbortOnError  stm32h7xx_hal_uart.o
    0x08005f10   0x08005f10   0x00000050   Code   RO         4712    i.UART_DMAError     stm32h7xx_hal_uart.o
    0x08005f60   0x08005f60   0x00000084   Code   RO         4713    i.UART_DMAReceiveCplt  stm32h7xx_hal_uart.o
    0x08005fe4   0x08005fe4   0x00000020   Code   RO         4715    i.UART_DMARxHalfCplt  stm32h7xx_hal_uart.o
    0x08006004   0x08006004   0x00000042   Code   RO         4717    i.UART_DMATransmitCplt  stm32h7xx_hal_uart.o
    0x08006046   0x08006046   0x0000000a   Code   RO         4719    i.UART_DMATxHalfCplt  stm32h7xx_hal_uart.o
    0x08006050   0x08006050   0x00000054   Code   RO         4721    i.UART_EndRxTransfer  stm32h7xx_hal_uart.o
    0x080060a4   0x080060a4   0x0000002e   Code   RO         4722    i.UART_EndTxTransfer  stm32h7xx_hal_uart.o
    0x080060d2   0x080060d2   0x00000002   PAD
    0x080060d4   0x080060d4   0x0000039c   Code   RO         4727    i.UART_SetConfig    stm32h7xx_hal_uart.o
    0x08006470   0x08006470   0x000000ac   Code   RO         4728    i.UART_Start_Receive_DMA  stm32h7xx_hal_uart.o
    0x0800651c   0x0800651c   0x00000092   Code   RO         4734    i.UART_WaitOnFlagUntilTimeout  stm32h7xx_hal_uart.o
    0x080065ae   0x080065ae   0x00000002   PAD
    0x080065b0   0x080065b0   0x0000000c   Code   RO          467    i.USART2_IRQHandler  stm32h7xx_it.o
    0x080065bc   0x080065bc   0x00000002   Code   RO          468    i.UsageFault_Handler  stm32h7xx_it.o
    0x080065be   0x080065be   0x00000020   Code   RO         1657    i.__NVIC_SetPriority  stm32h7xx_hal_cortex.o
    0x080065de   0x080065de   0x00000016   Code   RO         7047    i.crc_ccitt         crc_ccitt.o
    0x080065f4   0x080065f4   0x00000014   Code   RO         7048    i.crc_ccitt_byte    crc_ccitt.o
    0x08006608   0x08006608   0x0000002e   Code   RO           16    i.main              main.o
    0x08006636   0x08006636   0x0000001a   Code   RO         6356    i.osDelay           cmsis_os2.o
    0x08006650   0x08006650   0x00000024   Code   RO         6370    i.osKernelInitialize  cmsis_os2.o
    0x08006674   0x08006674   0x00000038   Code   RO         6373    i.osKernelStart     cmsis_os2.o
    0x080066ac   0x080066ac   0x00000088   Code   RO         6415    i.osThreadNew       cmsis_os2.o
    0x08006734   0x08006734   0x0000005c   Code   RO         5818    i.prvAddCurrentTaskToDelayedList  tasks.o
    0x08006790   0x08006790   0x000000d0   Code   RO         5819    i.prvAddNewTaskToReadyList  tasks.o
    0x08006860   0x08006860   0x00000058   Code   RO         6183    i.prvCheckForValidListAndQueue  timers.o
    0x080068b8   0x080068b8   0x00000026   Code   RO         5415    i.prvCopyDataFromQueue  queue.o
    0x080068de   0x080068de   0x0000006c   Code   RO         5416    i.prvCopyDataToQueue  queue.o
    0x0800694a   0x0800694a   0x00000034   Code   RO         5820    i.prvDeleteTCB      tasks.o
    0x0800697e   0x0800697e   0x00000002   PAD
    0x08006980   0x08006980   0x0000004c   Code   RO         6864    i.prvHeapInit       heap_4.o
    0x080069cc   0x080069cc   0x0000005c   Code   RO         5821    i.prvIdleTask       tasks.o
    0x08006a28   0x08006a28   0x00000020   Code   RO         5418    i.prvInitialiseNewQueue  queue.o
    0x08006a48   0x08006a48   0x000000aa   Code   RO         5822    i.prvInitialiseNewTask  tasks.o
    0x08006af2   0x08006af2   0x00000002   PAD
    0x08006af4   0x08006af4   0x0000004c   Code   RO         6865    i.prvInsertBlockIntoFreeList  heap_4.o
    0x08006b40   0x08006b40   0x00000038   Code   RO         6185    i.prvInsertTimerInActiveList  timers.o
    0x08006b78   0x08006b78   0x0000001a   Code   RO         5419    i.prvIsQueueEmpty   queue.o
    0x08006b92   0x08006b92   0x00000002   PAD
    0x08006b94   0x08006b94   0x000000f8   Code   RO         6186    i.prvProcessReceivedCommands  timers.o
    0x08006c8c   0x08006c8c   0x000000c0   Code   RO         6187    i.prvProcessTimerOrBlockTask  timers.o
    0x08006d4c   0x08006d4c   0x00000020   Code   RO         5824    i.prvResetNextTaskUnblockTime  tasks.o
    0x08006d6c   0x08006d6c   0x00000028   Code   RO         6188    i.prvSampleTimeNow  timers.o
    0x08006d94   0x08006d94   0x0000006c   Code   RO         6189    i.prvSwitchTimerLists  timers.o
    0x08006e00   0x08006e00   0x00000028   Code   RO         6920    i.prvTaskExitError  port.o
    0x08006e28   0x08006e28   0x00000028   Code   RO         6190    i.prvTimerTask      timers.o
    0x08006e50   0x08006e50   0x0000006a   Code   RO         5420    i.prvUnlockQueue    queue.o
    0x08006eba   0x08006eba   0x00000002   PAD
    0x08006ebc   0x08006ebc   0x000000dc   Code   RO         6866    i.pvPortMalloc      heap_4.o
    0x08006f98   0x08006f98   0x00000018   Code   RO         5827    i.pvTaskIncrementMutexHeldCount  tasks.o
    0x08006fb0   0x08006fb0   0x0000002c   Code   RO         6921    i.pxPortInitialiseStack  port.o
    0x08006fdc   0x08006fdc   0x00000026   Code   RO         5375    i.uxListRemove      list.o
    0x08007002   0x08007002   0x00000002   PAD
    0x08007004   0x08007004   0x00000014   Code   RO         6427    i.vApplicationGetIdleTaskMemory  cmsis_os2.o
    0x08007018   0x08007018   0x00000018   Code   RO         6428    i.vApplicationGetTimerTaskMemory  cmsis_os2.o
    0x08007030   0x08007030   0x00000016   Code   RO         5376    i.vListInitialise   list.o
    0x08007046   0x08007046   0x00000006   Code   RO         5377    i.vListInitialiseItem  list.o
    0x0800704c   0x0800704c   0x00000030   Code   RO         5378    i.vListInsert       list.o
    0x0800707c   0x0800707c   0x00000018   Code   RO         5379    i.vListInsertEnd    list.o
    0x08007094   0x08007094   0x00000040   Code   RO         6923    i.vPortEnterCritical  port.o
    0x080070d4   0x080070d4   0x00000028   Code   RO         6924    i.vPortExitCritical  port.o
    0x080070fc   0x080070fc   0x00000064   Code   RO         6867    i.vPortFree         heap_4.o
    0x08007160   0x08007160   0x00000024   Code   RO         6925    i.vPortSetupTimerInterrupt  port.o
    0x08007184   0x08007184   0x00000054   Code   RO         6926    i.vPortValidateInterruptPriority  port.o
    0x080071d8   0x080071d8   0x00000024   Code   RO         5426    i.vQueueAddToRegistry  queue.o
    0x080071fc   0x080071fc   0x00000044   Code   RO         5430    i.vQueueWaitForMessageRestricted  queue.o
    0x08007240   0x08007240   0x0000004c   Code   RO         5837    i.vTaskDelay        tasks.o
    0x0800728c   0x0800728c   0x00000090   Code   RO         5838    i.vTaskDelayUntil   tasks.o
    0x0800731c   0x0800731c   0x00000010   Code   RO         5842    i.vTaskInternalSetTimeOutState  tasks.o
    0x0800732c   0x0800732c   0x0000000c   Code   RO         5843    i.vTaskMissedYield  tasks.o
    0x08007338   0x08007338   0x00000030   Code   RO         5845    i.vTaskPlaceOnEventList  tasks.o
    0x08007368   0x08007368   0x00000038   Code   RO         5846    i.vTaskPlaceOnEventListRestricted  tasks.o
    0x080073a0   0x080073a0   0x00000090   Code   RO         5848    i.vTaskPriorityDisinheritAfterTimeout  tasks.o
    0x08007430   0x08007430   0x00000084   Code   RO         5854    i.vTaskStartScheduler  tasks.o
    0x080074b4   0x080074b4   0x00000010   Code   RO         5856    i.vTaskSuspendAll   tasks.o
    0x080074c4   0x080074c4   0x00000064   Code   RO         5857    i.vTaskSwitchContext  tasks.o
    0x08007528   0x08007528   0x000000f4   Code   RO         6927    i.xPortStartScheduler  port.o
    0x0800761c   0x0800761c   0x0000002c   Code   RO         6928    i.xPortSysTickHandler  port.o
    0x08007648   0x08007648   0x00000042   Code   RO         5435    i.xQueueGenericCreate  queue.o
    0x0800768a   0x0800768a   0x00000066   Code   RO         5436    i.xQueueGenericCreateStatic  queue.o
    0x080076f0   0x080076f0   0x00000088   Code   RO         5437    i.xQueueGenericReset  queue.o
    0x08007778   0x08007778   0x00000164   Code   RO         5438    i.xQueueGenericSend  queue.o
    0x080078dc   0x080078dc   0x000000be   Code   RO         5439    i.xQueueGenericSendFromISR  queue.o
    0x0800799a   0x0800799a   0x0000009c   Code   RO         5442    i.xQueueGiveFromISR  queue.o
    0x08007a36   0x08007a36   0x00000002   PAD
    0x08007a38   0x08007a38   0x00000138   Code   RO         5448    i.xQueueReceive     queue.o
    0x08007b70   0x08007b70   0x00000178   Code   RO         5450    i.xQueueSemaphoreTake  queue.o
    0x08007ce8   0x08007ce8   0x00000074   Code   RO         5859    i.xTaskCheckForTimeOut  tasks.o
    0x08007d5c   0x08007d5c   0x0000005a   Code   RO         5860    i.xTaskCreate       tasks.o
    0x08007db6   0x08007db6   0x0000005a   Code   RO         5861    i.xTaskCreateStatic  tasks.o
    0x08007e10   0x08007e10   0x0000001c   Code   RO         5865    i.xTaskGetSchedulerState  tasks.o
    0x08007e2c   0x08007e2c   0x0000000c   Code   RO         5866    i.xTaskGetTickCount  tasks.o
    0x08007e38   0x08007e38   0x000000c8   Code   RO         5868    i.xTaskIncrementTick  tasks.o
    0x08007f00   0x08007f00   0x0000007c   Code   RO         5871    i.xTaskPriorityDisinherit  tasks.o
    0x08007f7c   0x08007f7c   0x0000007c   Code   RO         5872    i.xTaskPriorityInherit  tasks.o
    0x08007ff8   0x08007ff8   0x00000070   Code   RO         5873    i.xTaskRemoveFromEventList  tasks.o
    0x08008068   0x08008068   0x000000c0   Code   RO         5874    i.xTaskResumeAll    tasks.o
    0x08008128   0x08008128   0x00000060   Code   RO         6199    i.xTimerCreateTimerTask  timers.o
    0x08008188   0x08008188   0x00000064   Code   RO         6200    i.xTimerGenericCommand  timers.o
    0x080081ec   0x080081ec   0x0000000a   Code   RO         7938    x$fpl$fpinit        fz_wv.l(fpinit.o)
    0x080081f6   0x080081f6   0x00000002   PAD
    0x080081f8   0x080081f8   0x00000024   Data   RO          246    .constdata          freertos.o
    0x0800821c   0x0800821c   0x00000008   Data   RO         2448    .constdata          stm32h7xx_hal_dma.o
    0x08008224   0x08008224   0x0000005c   Data   RO         4148    .constdata          stm32h7xx_hal_fdcan.o
    0x08008280   0x08008280   0x00000018   Data   RO         4735    .constdata          stm32h7xx_hal_uart.o
    0x08008298   0x08008298   0x00000010   Data   RO         5101    .constdata          stm32h7xx_hal_uart_ex.o
    0x080082a8   0x080082a8   0x00000010   Data   RO         5207    .constdata          system_stm32h7xx.o
    0x080082b8   0x080082b8   0x00000200   Data   RO         7049    .constdata          crc_ccitt.o
    0x080084b8   0x080084b8   0x0000000c   Data   RO          247    .conststring        freertos.o
    0x080084c4   0x080084c4   0x00000020   Data   RO         8029    Region$$Table       anon$$obj.o


    Execution Region RW_IRAM1 (Exec base: 0x20000000, Load base: 0x080084e4, Size: 0x00000000, Max: 0x00020000, ABSOLUTE)

    **** No section assigned to this execution region ****


    Execution Region RW_IRAM2 (Exec base: 0x24000000, Load base: 0x080084e4, Size: 0x00005510, Max: 0x00080000, ABSOLUTE)

    Exec Addr    Load Addr    Size         Type   Attr      Idx    E Section Name        Object

    0x24000000   0x080084e4   0x00000004   Data   RW          248    .data               freertos.o
    0x24000004   0x080084e8   0x00000004   Data   RW          362    .data               fdcan.o
    0x24000008   0x080084ec   0x0000000c   Data   RW         3186    .data               stm32h7xx_hal.o
    0x24000014   0x080084f8   0x00000008   Data   RW         5208    .data               system_stm32h7xx.o
    0x2400001c   0x08008500   0x0000003c   Data   RW         5877    .data               tasks.o
    0x24000058   0x0800853c   0x00000014   Data   RW         6208    .data               timers.o
    0x2400006c   0x08008550   0x00000004   Data   RW         6430    .data               cmsis_os2.o
    0x24000070   0x08008554   0x00000020   Data   RW         6873    .data               heap_4.o
    0x24000090   0x08008574   0x0000000c   Data   RW         6929    .data               port.o
    0x2400009c   0x08008580   0x0000006c   Data   RW         7688    .data               task_init.o
    0x24000108        -       0x00000140   Zero   RW          361    .bss                fdcan.o
    0x24000248        -       0x00000290   Zero   RW          410    .bss                usart.o
    0x240004d8        -       0x0000004c   Zero   RW          593    .bss                stm32h7xx_hal_timebase_tim.o
    0x24000524        -       0x00000040   Zero   RW         5452    .bss                queue.o
    0x24000564        -       0x000004c4   Zero   RW         5876    .bss                tasks.o
    0x24000a28        -       0x00000118   Zero   RW         6207    .bss                timers.o
    0x24000b40        -       0x000006b8   Zero   RW         6429    .bss                cmsis_os2.o
    0x240011f8        -       0x00003c00   Zero   RW         6872    .bss                heap_4.o
    0x24004df8        -       0x000000b4   Zero   RW         7686    .bss                task_init.o
    0x24004eac        -       0x00000060   Zero   RW         7902    .bss                c_w.l(libspace.o)
    0x24004f0c   0x080085ec   0x00000004   PAD
    0x24004f10        -       0x00000200   Zero   RW            2    HEAP                startup_stm32h743xx.o
    0x24005110        -       0x00000400   Zero   RW            1    STACK               startup_stm32h743xx.o


==============================================================================

Image component sizes


      Code (inc. data)   RO Data    RW Data    ZI Data      Debug   Object Name

       504         18          0          0          0       4762   485_bus.o
       324         22          0          4       1720      68383   cmsis_os2.o
        42          4        512          0          0       1879   crc_ccitt.o
        76          4          0          0          0        938   dma.o
         0          0          0          0          0      19464   event_groups.o
       516         44          0          4        320       2852   fdcan.o
        44         14         48          4          0      12393   freertos.o
       428         60          0          0          0       2876   go_motor.o
        92          6          0          0          0       1051   gpio.o
       472         24          0         32      15360       5151   heap_4.o
       138          0          0          0          0       3742   list.o
       238         14          0          0          0    1339064   main.o
       786         80          0         12          0      11781   port.o
      2108         22          0          0         64      22020   queue.o
        72         30        664          0       1536        860   startup_stm32h743xx.o
       364         32          0          0          0       2523   step.o
       132         32          0         12          0      22225   stm32h7xx_hal.o
       158         14          0          0          0      38782   stm32h7xx_hal_cortex.o
      6000        148          8          0          0      12537   stm32h7xx_hal_dma.o
      1798         32         92          0          0      17616   stm32h7xx_hal_fdcan.o
       486         50          0          0          0       2432   stm32h7xx_hal_gpio.o
        36          4          0          0          0        974   stm32h7xx_hal_msp.o
        80          4          0          0          0        801   stm32h7xx_hal_pwr_ex.o
      2554        136          0          0          0       8121   stm32h7xx_hal_rcc.o
      3692        132          0          0          0       8165   stm32h7xx_hal_rcc_ex.o
       778         66          0          0          0       8016   stm32h7xx_hal_tim.o
         6          0          0          0          0       2436   stm32h7xx_hal_tim_ex.o
       132         22          0          0         76       1615   stm32h7xx_hal_timebase_tim.o
      3404        156         24          0          0      37030   stm32h7xx_hal_uart.o
       510         10         16          0          0       7584   stm32h7xx_hal_uart_ex.o
       136         58          0          0          0       7282   stm32h7xx_it.o
         0          0          0          0          0        392   stream_buffer.o
       276         48         16          8          0       2005   system_stm32h7xx.o
      1144        128          0        108        180       5025   task_init.o
      2502        192          0         60       1220      31255   tasks.o
       968         84          0         20        280      29975   timers.o
       636         50          0          0        656       3101   usart.o

    ----------------------------------------------------------------------
     31676       1740       1412        264      21412    1747108   Object Totals
         0          0         32          0          0          0   (incl. Generated)
        44          0          0          0          0          0   (incl. Padding)

    ----------------------------------------------------------------------

      Code (inc. data)   RO Data    RW Data    ZI Data      Debug   Library Member Name

         8          0          0          0          0         68   __main.o
         0          0          0          0          0          0   __rtentry.o
        12          0          0          0          0          0   __rtentry2.o
         6          0          0          0          0          0   __rtentry4.o
        52          8          0          0          0          0   __scatter.o
        26          0          0          0          0          0   __scatter_copy.o
        28          0          0          0          0          0   __scatter_zi.o
        16          0          0          0          0         68   aeabi_memset.o
        18          0          0          0          0         80   exit.o
         6          0          0          0          0        152   heapauxi.o
         0          0          0          0          0          0   indicate_semi.o
         2          0          0          0          0          0   libinit.o
         6          0          0          0          0          0   libinit2.o
         2          0          0          0          0          0   libshutdown.o
         2          0          0          0          0          0   libshutdown2.o
         8          4          0          0         96         68   libspace.o
       238          0          0          0          0        100   lludivv7m.o
        68          0          0          0          0         68   rt_memclr.o
        78          0          0          0          0         80   rt_memclr_w.o
       138          0          0          0          0         68   rt_memcpy_v6.o
       100          0          0          0          0         80   rt_memcpy_w.o
         2          0          0          0          0          0   rtexit.o
        10          0          0          0          0          0   rtexit2.o
        12          4          0          0          0         68   sys_exit.o
        74          0          0          0          0         80   sys_stackheap_outer.o
         2          0          0          0          0         68   use_no_semi.o
        10          0          0          0          0        116   fpinit.o

    ----------------------------------------------------------------------
       932         16          0          0        100       1164   Library Totals
         8          0          0          0          4          0   (incl. Padding)

    ----------------------------------------------------------------------

      Code (inc. data)   RO Data    RW Data    ZI Data      Debug   Library Name

       914         16          0          0         96       1048   c_w.l
        10          0          0          0          0        116   fz_wv.l

    ----------------------------------------------------------------------
       932         16          0          0        100       1164   Library Totals

    ----------------------------------------------------------------------

==============================================================================


      Code (inc. data)   RO Data    RW Data    ZI Data      Debug   

     32608       1756       1412        264      21512    1726904   Grand Totals
     32608       1756       1412        264      21512    1726904   ELF Image Totals
     32608       1756       1412        264          0          0   ROM Totals

==============================================================================

    Total RO  Size (Code + RO Data)                34020 (  33.22kB)
    Total RW  Size (RW Data + ZI Data)             21776 (  21.27kB)
    Total ROM Size (Code + RO Data + RW Data)      34284 (  33.48kB)

==============================================================================

